Archive member included to satisfy reference by file (symbol)

D:/STM32CubeCLT/STM32CubeCLT_1.16.0/GNU-tools-for-STM32/bin/../lib/gcc/arm-none-eabi/12.3.1/thumb/v7e-m/nofp\libgcc.a(_aeabi_uldivmod.o)
                              CMakeFiles/DMA_Basic.elf.dir/Drivers/STM32F4xx_HAL_Driver/Src/stm32f4xx_hal_rcc.c.obj (__aeabi_uldivmod)
D:/STM32CubeCLT/STM32CubeCLT_1.16.0/GNU-tools-for-STM32/bin/../lib/gcc/arm-none-eabi/12.3.1/thumb/v7e-m/nofp\libgcc.a(_udivmoddi4.o)
                              D:/STM32CubeCLT/STM32CubeCLT_1.16.0/GNU-tools-for-STM32/bin/../lib/gcc/arm-none-eabi/12.3.1/thumb/v7e-m/nofp\libgcc.a(_aeabi_uldivmod.o) (__udivmoddi4)
D:/STM32CubeCLT/STM32CubeCLT_1.16.0/GNU-tools-for-STM32/bin/../lib/gcc/arm-none-eabi/12.3.1/thumb/v7e-m/nofp\libgcc.a(unwind-arm.o)
                              CMakeFiles/DMA_Basic.elf.dir/Core/Src/RxEventCallback.cpp.obj (__aeabi_unwind_cpp_pr0)
D:/STM32CubeCLT/STM32CubeCLT_1.16.0/GNU-tools-for-STM32/bin/../lib/gcc/arm-none-eabi/12.3.1/thumb/v7e-m/nofp\libgcc.a(libunwind.o)
                              D:/STM32CubeCLT/STM32CubeCLT_1.16.0/GNU-tools-for-STM32/bin/../lib/gcc/arm-none-eabi/12.3.1/thumb/v7e-m/nofp\libgcc.a(unwind-arm.o) (restore_core_regs)
D:/STM32CubeCLT/STM32CubeCLT_1.16.0/GNU-tools-for-STM32/bin/../lib/gcc/arm-none-eabi/12.3.1/thumb/v7e-m/nofp\libgcc.a(pr-support.o)
                              D:/STM32CubeCLT/STM32CubeCLT_1.16.0/GNU-tools-for-STM32/bin/../lib/gcc/arm-none-eabi/12.3.1/thumb/v7e-m/nofp\libgcc.a(unwind-arm.o) (__gnu_unwind_execute)
D:/STM32CubeCLT/STM32CubeCLT_1.16.0/GNU-tools-for-STM32/bin/../lib/gcc/arm-none-eabi/12.3.1/thumb/v7e-m/nofp\libgcc.a(_dvmd_tls.o)
                              D:/STM32CubeCLT/STM32CubeCLT_1.16.0/GNU-tools-for-STM32/bin/../lib/gcc/arm-none-eabi/12.3.1/thumb/v7e-m/nofp\libgcc.a(_aeabi_uldivmod.o) (__aeabi_ldiv0)
D:/STM32CubeCLT/STM32CubeCLT_1.16.0/GNU-tools-for-STM32/bin/../lib/gcc/arm-none-eabi/12.3.1/../../../../arm-none-eabi/lib/thumb/v7e-m/nofp\libg.a(libc_a-abort.o)
                              D:/STM32CubeCLT/STM32CubeCLT_1.16.0/GNU-tools-for-STM32/bin/../lib/gcc/arm-none-eabi/12.3.1/thumb/v7e-m/nofp\libgcc.a(unwind-arm.o) (abort)
D:/STM32CubeCLT/STM32CubeCLT_1.16.0/GNU-tools-for-STM32/bin/../lib/gcc/arm-none-eabi/12.3.1/../../../../arm-none-eabi/lib/thumb/v7e-m/nofp\libg.a(libc_a-exit.o)
                              D:/STM32CubeCLT/STM32CubeCLT_1.16.0/GNU-tools-for-STM32/bin/../lib/gcc/arm-none-eabi/12.3.1/../../../../arm-none-eabi/lib/thumb/v7e-m/nofp/crt0.o (exit)
D:/STM32CubeCLT/STM32CubeCLT_1.16.0/GNU-tools-for-STM32/bin/../lib/gcc/arm-none-eabi/12.3.1/../../../../arm-none-eabi/lib/thumb/v7e-m/nofp\libg.a(libc_a-findfp.o)
                              D:/STM32CubeCLT/STM32CubeCLT_1.16.0/GNU-tools-for-STM32/bin/../lib/gcc/arm-none-eabi/12.3.1/../../../../arm-none-eabi/lib/thumb/v7e-m/nofp\libg.a(libc_a-exit.o) (__stdio_exit_handler)
D:/STM32CubeCLT/STM32CubeCLT_1.16.0/GNU-tools-for-STM32/bin/../lib/gcc/arm-none-eabi/12.3.1/../../../../arm-none-eabi/lib/thumb/v7e-m/nofp\libg.a(libc_a-fwalk.o)
                              D:/STM32CubeCLT/STM32CubeCLT_1.16.0/GNU-tools-for-STM32/bin/../lib/gcc/arm-none-eabi/12.3.1/../../../../arm-none-eabi/lib/thumb/v7e-m/nofp\libg.a(libc_a-findfp.o) (_fwalk_sglue)
D:/STM32CubeCLT/STM32CubeCLT_1.16.0/GNU-tools-for-STM32/bin/../lib/gcc/arm-none-eabi/12.3.1/../../../../arm-none-eabi/lib/thumb/v7e-m/nofp\libg.a(libc_a-stdio.o)
                              D:/STM32CubeCLT/STM32CubeCLT_1.16.0/GNU-tools-for-STM32/bin/../lib/gcc/arm-none-eabi/12.3.1/../../../../arm-none-eabi/lib/thumb/v7e-m/nofp\libg.a(libc_a-findfp.o) (__sread)
D:/STM32CubeCLT/STM32CubeCLT_1.16.0/GNU-tools-for-STM32/bin/../lib/gcc/arm-none-eabi/12.3.1/../../../../arm-none-eabi/lib/thumb/v7e-m/nofp\libg.a(libc_a-memset.o)
                              D:/STM32CubeCLT/STM32CubeCLT_1.16.0/GNU-tools-for-STM32/bin/../lib/gcc/arm-none-eabi/12.3.1/../../../../arm-none-eabi/lib/thumb/v7e-m/nofp/crt0.o (memset)
D:/STM32CubeCLT/STM32CubeCLT_1.16.0/GNU-tools-for-STM32/bin/../lib/gcc/arm-none-eabi/12.3.1/../../../../arm-none-eabi/lib/thumb/v7e-m/nofp\libg.a(libc_a-signal.o)
                              D:/STM32CubeCLT/STM32CubeCLT_1.16.0/GNU-tools-for-STM32/bin/../lib/gcc/arm-none-eabi/12.3.1/../../../../arm-none-eabi/lib/thumb/v7e-m/nofp\libg.a(libc_a-abort.o) (raise)
D:/STM32CubeCLT/STM32CubeCLT_1.16.0/GNU-tools-for-STM32/bin/../lib/gcc/arm-none-eabi/12.3.1/../../../../arm-none-eabi/lib/thumb/v7e-m/nofp\libg.a(libc_a-closer.o)
                              D:/STM32CubeCLT/STM32CubeCLT_1.16.0/GNU-tools-for-STM32/bin/../lib/gcc/arm-none-eabi/12.3.1/../../../../arm-none-eabi/lib/thumb/v7e-m/nofp\libg.a(libc_a-stdio.o) (_close_r)
D:/STM32CubeCLT/STM32CubeCLT_1.16.0/GNU-tools-for-STM32/bin/../lib/gcc/arm-none-eabi/12.3.1/../../../../arm-none-eabi/lib/thumb/v7e-m/nofp\libg.a(libc_a-reent.o)
[...]
Memory Configuration

Name             Origin             Length             Attributes
CCMRAM           0x10000000         0x00010000         xrw
RAM              0x20000000         0x00030000         xrw
FLASH            0x08000000         0x00200000         xr
*default*        0x00000000         0xffffffff

Linker script and memory map

LOAD D:/STM32CubeCLT/STM32CubeCLT_1.16.0/GNU-tools-for-STM32/bin/../lib/gcc/arm-none-eabi/12.3.1/thumb/v7e-m/nofp/crti.o
LOAD D:/STM32CubeCLT/STM32CubeCLT_1.16.0/GNU-tools-for-STM32/bin/../lib/gcc/arm-none-eabi/12.3.1/thumb/v7e-m/nofp/crtbegin.o
LOAD D:/STM32CubeCLT/STM32CubeCLT_1.16.0/GNU-tools-for-STM32/bin/../lib/gcc/arm-none-eabi/12.3.1/../../../../arm-none-eabi/lib/thumb/v7e-m/nofp/crt0.o
LOAD CMakeFiles/DMA_Basic.elf.dir/Core/Src/RxEventCallback.cpp.obj
LOAD CMakeFiles/DMA_Basic.elf.dir/Core/Src/dma.c.obj
LOAD CMakeFiles/DMA_Basic.elf.dir/Core/Src/gpio.c.obj
LOAD CMakeFiles/DMA_Basic.elf.dir/Core/Src/main.c.obj
LOAD CMakeFiles/DMA_Basic.elf.dir/Core/Src/stm32f4xx_hal_msp.c.obj
LOAD CMakeFiles/DMA_Basic.elf.dir/Core/Src/stm32f4xx_it.c.obj
LOAD CMakeFiles/DMA_Basic.elf.dir/Core/Src/syscalls.c.obj
LOAD CMakeFiles/DMA_Basic.elf.dir/Core/Src/sysmem.c.obj
LOAD CMakeFiles/DMA_Basic.elf.dir/Core/Src/system_stm32f4xx.c.obj
LOAD CMakeFiles/DMA_Basic.elf.dir/Core/Src/usart.c.obj
LOAD CMakeFiles/DMA_Basic.elf.dir/Core/Startup/startup_stm32f427iihx.s.obj
LOAD CMakeFiles/DMA_Basic.elf.dir/Drivers/STM32F4xx_HAL_Driver/Src/stm32f4xx_hal.c.obj
LOAD CMakeFiles/DMA_Basic.elf.dir/Drivers/STM32F4xx_HAL_Driver/Src/stm32f4xx_hal_cortex.c.obj
LOAD CMakeFiles/DMA_Basic.elf.dir/Drivers/STM32F4xx_HAL_Driver/Src/stm32f4xx_hal_dma.c.obj
LOAD CMakeFiles/DMA_Basic.elf.dir/Drivers/STM32F4xx_HAL_Driver/Src/stm32f4xx_hal_dma_ex.c.obj
LOAD CMakeFiles/DMA_Basic.elf.dir/Drivers/STM32F4xx_HAL_Driver/Src/stm32f4xx_hal_exti.c.obj
LOAD CMakeFiles/DMA_Basic.elf.dir/Drivers/STM32F4xx_HAL_Driver/Src/stm32f4xx_hal_flash.c.obj
LOAD CMakeFiles/DMA_Basic.elf.dir/Drivers/STM32F4xx_HAL_Driver/Src/stm32f4xx_hal_flash_ex.c.obj
LOAD CMakeFiles/DMA_Basic.elf.dir/Drivers/STM32F4xx_HAL_Driver/Src/stm32f4xx_hal_flash_ramfunc.c.obj
LOAD CMakeFiles/DMA_Basic.elf.dir/Drivers/STM32F4xx_HAL_Driver/Src/stm32f4xx_hal_gpio.c.obj
LOAD CMakeFiles/DMA_Basic.elf.dir/Drivers/STM32F4xx_HAL_Driver/Src/stm32f4xx_hal_pwr.c.obj
LOAD CMakeFiles/DMA_Basic.elf.dir/Drivers/STM32F4xx_HAL_Driver/Src/stm32f4xx_hal_pwr_ex.c.obj
LOAD CMakeFiles/DMA_Basic.elf.dir/Drivers/STM32F4xx_HAL_Driver/Src/stm32f4xx_hal_rcc.c.obj
LOAD CMakeFiles/DMA_Basic.elf.dir/Drivers/STM32F4xx_HAL_Driver/Src/stm32f4xx_hal_rcc_ex.c.obj
LOAD CMakeFiles/DMA_Basic.elf.dir/Drivers/STM32F4xx_HAL_Driver/Src/stm32f4xx_hal_tim.c.obj
LOAD CMakeFiles/DMA_Basic.elf.dir/Drivers/STM32F4xx_HAL_Driver/Src/stm32f4xx_hal_tim_ex.c.obj
LOAD CMakeFiles/DMA_Basic.elf.dir/Drivers/STM32F4xx_HAL_Driver/Src/stm32f4xx_hal_uart.c.obj
LOAD D:/STM32CubeCLT/STM32CubeCLT_1.16.0/GNU-tools-for-STM32/bin/../lib/gcc/arm-none-eabi/12.3.1/../../../../arm-none-eabi/lib/thumb/v7e-m/nofp\libstdc++.a
LOAD D:/STM32CubeCLT/STM32CubeCLT_1.16.0/GNU-tools-for-STM32/bin/../lib/gcc/arm-none-eabi/12.3.1/../../../../arm-none-eabi/lib/thumb/v7e-m/nofp\libm.a
START GROUP
LOAD D:/STM32CubeCLT/STM32CubeCLT_1.16.0/GNU-tools-for-STM32/bin/../lib/gcc/arm-none-eabi/12.3.1/thumb/v7e-m/nofp\libgcc.a
LOAD D:/STM32CubeCLT/STM32CubeCLT_1.16.0/GNU-tools-for-STM32/bin/../lib/gcc/arm-none-eabi/12.3.1/../../../../arm-none-eabi/lib/thumb/v7e-m/nofp\libg.a
LOAD D:/STM32CubeCLT/STM32CubeCLT_1.16.0/GNU-tools-for-STM32/bin/../lib/gcc/arm-none-eabi/12.3.1/../../../../arm-none-eabi/lib/thumb/v7e-m/nofp\libc.a
END GROUP
LOAD D:/STM32CubeCLT/STM32CubeCLT_1.16.0/GNU-tools-for-STM32/bin/../lib/gcc/arm-none-eabi/12.3.1/thumb/v7e-m/nofp/crtend.o
LOAD D:/STM32CubeCLT/STM32CubeCLT_1.16.0/GNU-tools-for-STM32/bin/../lib/gcc/arm-none-eabi/12.3.1/thumb/v7e-m/nofp/crtn.o
                0x20030000                        _estack = (ORIGIN (RAM) + LENGTH (RAM))
                0x00000200                        _Min_Heap_Size = 0x200
                0x00000400                        _Min_Stack_Size = 0x400

.isr_vector     0x08000000      0x1ac
                0x08000000                        . = ALIGN (0x4)
 *(.isr_vector)
 .isr_vector    0x08000000      0x1ac CMakeFiles/DMA_Basic.elf.dir/Core/Startup/startup_stm32f427iihx.s.obj
                0x08000000                g_pfnVectors
                0x080001ac                        . = ALIGN (0x4)

.text           0x080001ac     0x31f4
                0x080001ac                        . = ALIGN (0x4)
 *(.text)
 .text          0x080001ac       0x40 D:/STM32CubeCLT/STM32CubeCLT_1.16.0/GNU-tools-for-STM32/bin/../lib/gcc/arm-none-eabi/12.3.1/thumb/v7e-m/nofp/crtbegin.o
 .text          0x080001ec       0x30 D:/STM32CubeCLT/STM32CubeCLT_1.16.0/GNU-tools-for-STM32/bin/../lib/gcc/arm-none-eabi/12.3.1/thumb/v7e-m/nofp\libgcc.a(_aeabi_uldivmod.o)
                0x080001ec                __aeabi_uldivmod
 .text          0x0800021c      0x2bc D:/STM32CubeCLT/STM32CubeCLT_1.16.0/GNU-tools-for-STM32/bin/../lib/gcc/arm-none-eabi/12.3.1/thumb/v7e-m/nofp\libgcc.a(_udivmoddi4.o)
                0x0800021c                __udivmoddi4
 .text          0x080004d8      0x9f4 D:/STM32CubeCLT/STM32CubeCLT_1.16.0/GNU-tools-for-STM32/bin/../lib/gcc/arm-none-eabi/12.3.1/thumb/v7e-m/nofp\libgcc.a(unwind-arm.o)
                0x08000788                _Unwind_GetCFA
                0x0800078c                __gnu_Unwind_RaiseException
                0x080007f4                __gnu_Unwind_ForcedUnwind
                0x08000804                __gnu_Unwind_Resume
                0x08000848                __gnu_Unwind_Resume_or_Rethrow
                0x08000858                _Unwind_Complete
                0x0800085c                _Unwind_DeleteException
                0x08000868                _Unwind_VRS_Get
                0x080008b4                _Unwind_VRS_Set
                0x080008fc                __gnu_Unwind_Backtrace
                0x08000c18                __aeabi_unwind_cpp_pr0
                0x08000c1c                __aeabi_unwind_cpp_pr1
                0x08000c20                __aeabi_unwind_cpp_pr2
                0x08000c24                _Unwind_VRS_Pop
 .text          0x08000ecc      0x1ac D:/STM32CubeCLT/STM32CubeCLT_1.16.0/GNU-tools-for-STM32/bin/../lib/gcc/arm-none-eabi/12.3.1/thumb/v7e-m/nofp\libgcc.a(libunwind.o)
                0x08000ecc                __restore_core_regs
                0x08000ecc                restore_core_regs
                0x08000ee4                __gnu_Unwind_Restore_VFP
                0x08000eec                __gnu_Unwind_Save_VFP
                0x08000ef4                __gnu_Unwind_Restore_VFP_D
                0x08000efc                __gnu_Unwind_Save_VFP_D
                0x08000f04                __gnu_Unwind_Restore_VFP_D_16_to_31
                0x08000f0c                __gnu_Unwind_Save_VFP_D_16_to_31
                0x08000f14                __gnu_Unwind_Restore_WMMXD
                0x08000f58                __gnu_Unwind_Save_WMMXD
                0x08000f9c                __gnu_Unwind_Restore_WMMXC
                0x08000fb0                __gnu_Unwind_Save_WMMXC
                0x08000fc4                ___Unwind_RaiseException
                0x08000fc4                _Unwind_RaiseException
                0x08000fe8                _Unwind_Resume
                0x08000fe8                ___Unwind_Resume
                0x0800100c                _Unwind_Resume_or_Rethrow
                0x0800100c                ___Unwind_Resume_or_Rethrow
                0x08001030                _Unwind_ForcedUnwind
                0x08001030                ___Unwind_ForcedUnwind
                0x08001054                ___Unwind_Backtrace
                0x08001054                _Unwind_Backtrace
 .text          0x08001078      0x378 D:/STM32CubeCLT/STM32CubeCLT_1.16.0/GNU-tools-for-STM32/bin/../lib/gcc/arm-none-eabi/12.3.1/thumb/v7e-m/nofp\libgcc.a(pr-support.o)
                0x080010d0                __gnu_unwind_execute
                0x080013a4                __gnu_unwind_frame
                0x080013d0                _Unwind_GetRegionStart
                0x080013dc                _Unwind_GetLanguageSpecificData
 .text          0x080013f0        0x4 D:/STM32CubeCLT/STM32CubeCLT_1.16.0/GNU-tools-for-STM32/bin/../lib/gcc/arm-none-eabi/12.3.1/thumb/v7e-m/nofp\libgcc.a(_dvmd_tls.o)
                0x080013f0                __aeabi_idiv0
                0x080013f0                __aeabi_ldiv0
 *(.text*)
 .text.HAL_UARTEx_RxEventCallback
                0x080013f4       0x54 CMakeFiles/DMA_Basic.elf.dir/Core/Src/RxEventCallback.cpp.obj
                0x080013f4                HAL_UARTEx_RxEventCallback
 .text.MX_DMA_Init
                0x08001448       0x64 CMakeFiles/DMA_Basic.elf.dir/Core/Src/dma.c.obj
                0x08001448                MX_DMA_Init
 .text.MX_GPIO_Init
                0x080014ac       0xcc CMakeFiles/DMA_Basic.elf.dir/Core/Src/gpio.c.obj
                0x080014ac                MX_GPIO_Init
 .text.Error_Handler
                0x08001578        0x4 CMakeFiles/DMA_Basic.elf.dir/Core/Src/main.c.obj
                0x08001578                Error_Handler
 .text.SystemClock_Config
                0x0800157c       0x8c CMakeFiles/DMA_Basic.elf.dir/Core/Src/main.c.obj
                0x0800157c                SystemClock_Config
 .text.main     0x08001608       0x40 CMakeFiles/DMA_Basic.elf.dir/Core/Src/main.c.obj
                0x08001608                main
 .text.HAL_MspInit
                0x08001648       0x38 CMakeFiles/DMA_Basic.elf.dir/Core/Src/stm32f4xx_hal_msp.c.obj
                0x08001648                HAL_MspInit
 .text.NMI_Handler
                0x08001680        0x2 CMakeFiles/DMA_Basic.elf.dir/Core/Src/stm32f4xx_it.c.obj
                0x08001680                NMI_Handler
 .text.HardFault_Handler
                0x08001682        0x2 CMakeFiles/DMA_Basic.elf.dir/Core/Src/stm32f4xx_it.c.obj
                0x08001682                HardFault_Handler
 .text.MemManage_Handler
                0x08001684        0x2 CMakeFiles/DMA_Basic.elf.dir/Core/Src/stm32f4xx_it.c.obj
                0x08001684                MemManage_Handler
 .text.BusFault_Handler
                0x08001686        0x2 CMakeFiles/DMA_Basic.elf.dir/Core/Src/stm32f4xx_it.c.obj
                0x08001686                BusFault_Handler
 .text.UsageFault_Handler
                0x08001688        0x2 CMakeFiles/DMA_Basic.elf.dir/Core/Src/stm32f4xx_it.c.obj
                0x08001688                UsageFault_Handler
 .text.SVC_Handler
                0x0800168a        0x2 CMakeFiles/DMA_Basic.elf.dir/Core/Src/stm32f4xx_it.c.obj
                0x0800168a                SVC_Handler
 .text.DebugMon_Handler
                0x0800168c        0x2 CMakeFiles/DMA_Basic.elf.dir/Core/Src/stm32f4xx_it.c.obj
                0x0800168c                DebugMon_Handler
 .text.PendSV_Handler
                0x0800168e        0x2 CMakeFiles/DMA_Basic.elf.dir/Core/Src/stm32f4xx_it.c.obj
                0x0800168e                PendSV_Handler
 .text.SysTick_Handler
                0x08001690        0x8 CMakeFiles/DMA_Basic.elf.dir/Core/Src/stm32f4xx_it.c.obj
                0x08001690                SysTick_Handler
 .text.USART1_IRQHandler
                0x08001698       0x10 CMakeFiles/DMA_Basic.elf.dir/Core/Src/stm32f4xx_it.c.obj
                0x08001698                USART1_IRQHandler
 .text.DMA2_Stream1_IRQHandler
                0x080016a8       0x10 CMakeFiles/DMA_Basic.elf.dir/Core/Src/stm32f4xx_it.c.obj
                0x080016a8                DMA2_Stream1_IRQHandler
 .text.DMA2_Stream2_IRQHandler
                0x080016b8       0x10 CMakeFiles/DMA_Basic.elf.dir/Core/Src/stm32f4xx_it.c.obj
                0x080016b8                DMA2_Stream2_IRQHandler
 .text.DMA2_Stream6_IRQHandler
                0x080016c8       0x10 CMakeFiles/DMA_Basic.elf.dir/Core/Src/stm32f4xx_it.c.obj
                0x080016c8                DMA2_Stream6_IRQHandler
 .text.DMA2_Stream7_IRQHandler
                0x080016d8       0x10 CMakeFiles/DMA_Basic.elf.dir/Core/Src/stm32f4xx_it.c.obj
                0x080016d8                DMA2_Stream7_IRQHandler
 .text.USART6_IRQHandler
                0x080016e8       0x10 CMakeFiles/DMA_Basic.elf.dir/Core/Src/stm32f4xx_it.c.obj
                0x080016e8                USART6_IRQHandler
 .text._getpid  0x080016f8        0x4 CMakeFiles/DMA_Basic.elf.dir/Core/Src/syscalls.c.obj
                0x080016f8                _getpid
 .text._kill    0x080016fc       0x10 CMakeFiles/DMA_Basic.elf.dir/Core/Src/syscalls.c.obj
                0x080016fc                _kill
 .text._exit    0x0800170c        0xc CMakeFiles/DMA_Basic.elf.dir/Core/Src/syscalls.c.obj
                0x0800170c                _exit
 .text.SystemInit
                0x08001718        0x2 CMakeFiles/DMA_Basic.elf.dir/Core/Src/system_stm32f4xx.c.obj
                0x08001718                SystemInit
 *fill*         0x0800171a        0x2 
 .text.MX_USART1_UART_Init
                0x0800171c       0x34 CMakeFiles/DMA_Basic.elf.dir/Core/Src/usart.c.obj
                0x0800171c                MX_USART1_UART_Init
 .text.MX_USART6_UART_Init
                0x08001750       0x34 CMakeFiles/DMA_Basic.elf.dir/Core/Src/usart.c.obj
                0x08001750                MX_USART6_UART_Init
 .text.HAL_UART_MspInit
                0x08001784      0x210 CMakeFiles/DMA_Basic.elf.dir/Core/Src/usart.c.obj
                0x08001784                HAL_UART_MspInit
 .text.Reset_Handler
                0x08001994       0x50 CMakeFiles/DMA_Basic.elf.dir/Core/Startup/startup_stm32f427iihx.s.obj
                0x08001994                Reset_Handler
 .text.Default_Handler
                0x080019e4        0x2 CMakeFiles/DMA_Basic.elf.dir/Core/Startup/startup_stm32f427iihx.s.obj
                0x080019e4                RTC_Alarm_IRQHandler
                0x080019e4                HASH_RNG_IRQHandler
                0x080019e4                EXTI2_IRQHandler
                0x080019e4                TIM8_CC_IRQHandler
                0x080019e4                UART8_IRQHandler
                0x080019e4                SPI4_IRQHandler
                0x080019e4                TIM1_CC_IRQHandler
                0x080019e4                DMA2_Stream5_IRQHandler
                0x080019e4                DMA1_Stream5_IRQHandler
                0x080019e4                PVD_IRQHandler
                0x080019e4                SDIO_IRQHandler
                0x080019e4                TAMP_STAMP_IRQHandler
                0x080019e4                CAN2_RX1_IRQHandler
                0x080019e4                EXTI3_IRQHandler
                0x080019e4                TIM8_TRG_COM_TIM14_IRQHandler
                0x080019e4                TIM1_UP_TIM10_IRQHandler
                0x080019e4                TIM8_UP_TIM13_IRQHandler
                0x080019e4                I2C3_ER_IRQHandler
                0x080019e4                EXTI0_IRQHandler
                0x080019e4                I2C2_EV_IRQHandler
                0x080019e4                DMA1_Stream2_IRQHandler
                0x080019e4                CAN1_RX0_IRQHandler
                0x080019e4                FPU_IRQHandler
                0x080019e4                OTG_HS_WKUP_IRQHandler
                0x080019e4                CAN2_SCE_IRQHandler
                0x080019e4                SPI1_IRQHandler
                0x080019e4                TIM6_DAC_IRQHandler
                0x080019e4                TIM1_BRK_TIM9_IRQHandler
                0x080019e4                DCMI_IRQHandler
                0x080019e4                CAN2_RX0_IRQHandler
                0x080019e4                DMA2_Stream3_IRQHandler
                0x080019e4                USART3_IRQHandler
                0x080019e4                CAN1_RX1_IRQHandler
                0x080019e4                UART5_IRQHandler
                0x080019e4                DMA2_Stream0_IRQHandler
                0x080019e4                TIM4_IRQHandler
                0x080019e4                I2C1_EV_IRQHandler
                0x080019e4                DMA1_Stream6_IRQHandler
                0x080019e4                DMA1_Stream1_IRQHandler
                0x080019e4                UART4_IRQHandler
                0x080019e4                TIM3_IRQHandler
                0x080019e4                RCC_IRQHandler
                0x080019e4                TIM8_BRK_TIM12_IRQHandler
                0x080019e4                Default_Handler
                0x080019e4                EXTI15_10_IRQHandler
                0x080019e4                ADC_IRQHandler
                0x080019e4                DMA1_Stream7_IRQHandler
                0x080019e4                SPI5_IRQHandler
                0x080019e4                TIM7_IRQHandler
                0x080019e4                CAN2_TX_IRQHandler
                0x080019e4                TIM5_IRQHandler
                0x080019e4                I2C3_EV_IRQHandler
                0x080019e4                EXTI9_5_IRQHandler
                0x080019e4                RTC_WKUP_IRQHandler
                0x080019e4                ETH_WKUP_IRQHandler
                0x080019e4                SPI2_IRQHandler
                0x080019e4                OTG_HS_EP1_IN_IRQHandler
                0x080019e4                DMA1_Stream0_IRQHandler
                0x080019e4                CAN1_TX_IRQHandler
                0x080019e4                EXTI4_IRQHandler
                0x080019e4                ETH_IRQHandler
                0x080019e4                OTG_HS_EP1_OUT_IRQHandler
                0x080019e4                WWDG_IRQHandler
                0x080019e4                SPI6_IRQHandler
                0x080019e4                TIM2_IRQHandler
                0x080019e4                OTG_FS_WKUP_IRQHandler
                0x080019e4                TIM1_TRG_COM_TIM11_IRQHandler
                0x080019e4                OTG_HS_IRQHandler
                0x080019e4                DMA2D_IRQHandler
                0x080019e4                EXTI1_IRQHandler
                0x080019e4                UART7_IRQHandler
                0x080019e4                USART2_IRQHandler
                0x080019e4                I2C2_ER_IRQHandler
                0x080019e4                CAN1_SCE_IRQHandler
                0x080019e4                FLASH_IRQHandler
                0x080019e4                DMA2_Stream4_IRQHandler
                0x080019e4                OTG_FS_IRQHandler
                0x080019e4                SPI3_IRQHandler
                0x080019e4                DMA1_Stream4_IRQHandler
                0x080019e4                I2C1_ER_IRQHandler
                0x080019e4                FMC_IRQHandler
                0x080019e4                SAI1_IRQHandler
                0x080019e4                DMA1_Stream3_IRQHandler
 *fill*         0x080019e6        0x2 
 .text.HAL_InitTick
                0x080019e8       0x4c CMakeFiles/DMA_Basic.elf.dir/Drivers/STM32F4xx_HAL_Driver/Src/stm32f4xx_hal.c.obj
                0x080019e8                HAL_InitTick
 .text.HAL_Init
                0x08001a34       0x34 CMakeFiles/DMA_Basic.elf.dir/Drivers/STM32F4xx_HAL_Driver/Src/stm32f4xx_hal.c.obj
                0x08001a34                HAL_Init
 .text.HAL_IncTick
                0x08001a68       0x18 CMakeFiles/DMA_Basic.elf.dir/Drivers/STM32F4xx_HAL_Driver/Src/stm32f4xx_hal.c.obj
                0x08001a68                HAL_IncTick
 .text.HAL_GetTick
                0x08001a80        0xc CMakeFiles/DMA_Basic.elf.dir/Drivers/STM32F4xx_HAL_Driver/Src/stm32f4xx_hal.c.obj
                0x08001a80                HAL_GetTick
 .text.__NVIC_EnableIRQ
                0x08001a8c       0x1c CMakeFiles/DMA_Basic.elf.dir/Drivers/STM32F4xx_HAL_Driver/Src/stm32f4xx_hal_cortex.c.obj
 .text.__NVIC_SetPriority
                0x08001aa8       0x28 CMakeFiles/DMA_Basic.elf.dir/Drivers/STM32F4xx_HAL_Driver/Src/stm32f4xx_hal_cortex.c.obj
 .text.NVIC_EncodePriority
                0x08001ad0       0x3e CMakeFiles/DMA_Basic.elf.dir/Drivers/STM32F4xx_HAL_Driver/Src/stm32f4xx_hal_cortex.c.obj
 *fill*         0x08001b0e        0x2 
 .text.HAL_NVIC_SetPriorityGrouping
                0x08001b10       0x24 CMakeFiles/DMA_Basic.elf.dir/Drivers/STM32F4xx_HAL_Driver/Src/stm32f4xx_hal_cortex.c.obj
                0x08001b10                HAL_NVIC_SetPriorityGrouping
 .text.HAL_NVIC_SetPriority
                0x08001b34       0x20 CMakeFiles/DMA_Basic.elf.dir/Drivers/STM32F4xx_HAL_Driver/Src/stm32f4xx_hal_cortex.c.obj
                0x08001b34                HAL_NVIC_SetPriority
 .text.HAL_NVIC_EnableIRQ
                0x08001b54        0x8 CMakeFiles/DMA_Basic.elf.dir/Drivers/STM32F4xx_HAL_Driver/Src/stm32f4xx_hal_cortex.c.obj
                0x08001b54                HAL_NVIC_EnableIRQ
 .text.HAL_SYSTICK_Config
                0x08001b5c       0x28 CMakeFiles/DMA_Basic.elf.dir/Drivers/STM32F4xx_HAL_Driver/Src/stm32f4xx_hal_cortex.c.obj
                0x08001b5c                HAL_SYSTICK_Config
 .text.DMA_SetConfig
                0x08001b84       0x2c CMakeFiles/DMA_Basic.elf.dir/Drivers/STM32F4xx_HAL_Driver/Src/stm32f4xx_hal_dma.c.obj
 .text.DMA_CalcBaseAndBitshift
                0x08001bb0       0x40 CMakeFiles/DMA_Basic.elf.dir/Drivers/STM32F4xx_HAL_Driver/Src/stm32f4xx_hal_dma.c.obj
 .text.DMA_CheckFifoParam
                0x08001bf0       0x8e CMakeFiles/DMA_Basic.elf.dir/Drivers/STM32F4xx_HAL_Driver/Src/stm32f4xx_hal_dma.c.obj
 *fill*         0x08001c7e        0x2 
 .text.HAL_DMA_Init
                0x08001c80       0xcc CMakeFiles/DMA_Basic.elf.dir/Drivers/STM32F4xx_HAL_Driver/Src/stm32f4xx_hal_dma.c.obj
                0x08001c80                HAL_DMA_Init
 .text.HAL_DMA_Start_IT
                0x08001d4c       0x6a CMakeFiles/DMA_Basic.elf.dir/Drivers/STM32F4xx_HAL_Driver/Src/stm32f4xx_hal_dma.c.obj
                0x08001d4c                HAL_DMA_Start_IT
 .text.HAL_DMA_Abort
                0x08001db6       0x94 CMakeFiles/DMA_Basic.elf.dir/Drivers/STM32F4xx_HAL_Driver/Src/stm32f4xx_hal_dma.c.obj
                0x08001db6                HAL_DMA_Abort
 .text.HAL_DMA_Abort_IT
                0x08001e4a       0x26 CMakeFiles/DMA_Basic.elf.dir/Drivers/STM32F4xx_HAL_Driver/Src/stm32f4xx_hal_dma.c.obj
                0x08001e4a                HAL_DMA_Abort_IT
 .text.HAL_DMA_IRQHandler
                0x08001e70      0x1dc CMakeFiles/DMA_Basic.elf.dir/Drivers/STM32F4xx_HAL_Driver/Src/stm32f4xx_hal_dma.c.obj
                0x08001e70                HAL_DMA_IRQHandler
 .text.HAL_GPIO_Init
                0x0800204c      0x20c CMakeFiles/DMA_Basic.elf.dir/Drivers/STM32F4xx_HAL_Driver/Src/stm32f4xx_hal_gpio.c.obj
                0x0800204c                HAL_GPIO_Init
 .text.HAL_GPIO_WritePin
                0x08002258        0xc CMakeFiles/DMA_Basic.elf.dir/Drivers/STM32F4xx_HAL_Driver/Src/stm32f4xx_hal_gpio.c.obj
                0x08002258                HAL_GPIO_WritePin
 .text.HAL_GPIO_TogglePin
                0x08002264       0x12 CMakeFiles/DMA_Basic.elf.dir/Drivers/STM32F4xx_HAL_Driver/Src/stm32f4xx_hal_gpio.c.obj
                0x08002264                HAL_GPIO_TogglePin
 *fill*         0x08002276        0x2 
 .text.HAL_RCC_OscConfig
                0x08002278      0x3f8 CMakeFiles/DMA_Basic.elf.dir/Drivers/STM32F4xx_HAL_Driver/Src/stm32f4xx_hal_rcc.c.obj
                0x08002278                HAL_RCC_OscConfig
 .text.HAL_RCC_GetSysClockFreq
                0x08002670       0xa8 CMakeFiles/DMA_Basic.elf.dir/Drivers/STM32F4xx_HAL_Driver/Src/stm32f4xx_hal_rcc.c.obj
                0x08002670                HAL_RCC_GetSysClockFreq
 .text.HAL_RCC_ClockConfig
                0x08002718      0x160 CMakeFiles/DMA_Basic.elf.dir/Drivers/STM32F4xx_HAL_Driver/Src/stm32f4xx_hal_rcc.c.obj
                0x08002718                HAL_RCC_ClockConfig
 .text.HAL_RCC_GetHCLKFreq
                0x08002878        0xc CMakeFiles/DMA_Basic.elf.dir/Drivers/STM32F4xx_HAL_Driver/Src/stm32f4xx_hal_rcc.c.obj
                0x08002878                HAL_RCC_GetHCLKFreq
 .text.HAL_RCC_GetPCLK1Freq
                0x08002884       0x20 CMakeFiles/DMA_Basic.elf.dir/Drivers/STM32F4xx_HAL_Driver/Src/stm32f4xx_hal_rcc.c.obj
                0x08002884                HAL_RCC_GetPCLK1Freq
 .text.HAL_RCC_GetPCLK2Freq
                0x080028a4       0x20 CMakeFiles/DMA_Basic.elf.dir/Drivers/STM32F4xx_HAL_Driver/Src/stm32f4xx_hal_rcc.c.obj
                0x080028a4                HAL_RCC_GetPCLK2Freq
 .text.UART_EndTxTransfer
                0x080028c4       0x20 CMakeFiles/DMA_Basic.elf.dir/Drivers/STM32F4xx_HAL_Driver/Src/stm32f4xx_hal_uart.c.obj
 .text.UART_EndRxTransfer
                0x080028e4       0x5c CMakeFiles/DMA_Basic.elf.dir/Drivers/STM32F4xx_HAL_Driver/Src/stm32f4xx_hal_uart.c.obj
 .text.UART_Transmit_IT
                0x08002940       0x60 CMakeFiles/DMA_Basic.elf.dir/Drivers/STM32F4xx_HAL_Driver/Src/stm32f4xx_hal_uart.c.obj
 .text.UART_SetConfig
                0x080029a0      0x110 CMakeFiles/DMA_Basic.elf.dir/Drivers/STM32F4xx_HAL_Driver/Src/stm32f4xx_hal_uart.c.obj
 .text.HAL_UART_Init
                0x08002ab0       0x60 CMakeFiles/DMA_Basic.elf.dir/Drivers/STM32F4xx_HAL_Driver/Src/stm32f4xx_hal_uart.c.obj
                0x08002ab0                HAL_UART_Init
 .text.HAL_UART_Transmit_DMA
                0x08002b10       0x84 CMakeFiles/DMA_Basic.elf.dir/Drivers/STM32F4xx_HAL_Driver/Src/stm32f4xx_hal_uart.c.obj
                0x08002b10                HAL_UART_Transmit_DMA
 .text.HAL_UART_TxCpltCallback
                0x08002b94        0x2 CMakeFiles/DMA_Basic.elf.dir/Drivers/STM32F4xx_HAL_Driver/Src/stm32f4xx_hal_uart.c.obj
                0x08002b94                HAL_UART_TxCpltCallback
 .text.UART_DMATransmitCplt
                0x08002b96       0x4c CMakeFiles/DMA_Basic.elf.dir/Drivers/STM32F4xx_HAL_Driver/Src/stm32f4xx_hal_uart.c.obj
 .text.UART_EndTransmit_IT
                0x08002be2       0x1a CMakeFiles/DMA_Basic.elf.dir/Drivers/STM32F4xx_HAL_Driver/Src/stm32f4xx_hal_uart.c.obj
 .text.HAL_UART_TxHalfCpltCallback
                0x08002bfc        0x2 CMakeFiles/DMA_Basic.elf.dir/Drivers/STM32F4xx_HAL_Driver/Src/stm32f4xx_hal_uart.c.obj
                0x08002bfc                HAL_UART_TxHalfCpltCallback
 .text.UART_DMATxHalfCplt
                0x08002bfe        0xa CMakeFiles/DMA_Basic.elf.dir/Drivers/STM32F4xx_HAL_Driver/Src/stm32f4xx_hal_uart.c.obj
 .text.HAL_UART_RxCpltCallback
                0x08002c08        0x2 CMakeFiles/DMA_Basic.elf.dir/Drivers/STM32F4xx_HAL_Driver/Src/stm32f4xx_hal_uart.c.obj
                0x08002c08                HAL_UART_RxCpltCallback
 .text.HAL_UART_RxHalfCpltCallback
                0x08002c0a        0x2 CMakeFiles/DMA_Basic.elf.dir/Drivers/STM32F4xx_HAL_Driver/Src/stm32f4xx_hal_uart.c.obj
                0x08002c0a                HAL_UART_RxHalfCpltCallback
 .text.HAL_UART_ErrorCallback
                0x08002c0c        0x2 CMakeFiles/DMA_Basic.elf.dir/Drivers/STM32F4xx_HAL_Driver/Src/stm32f4xx_hal_uart.c.obj
                0x08002c0c                HAL_UART_ErrorCallback
 .text.UART_DMAError
                0x08002c0e       0x58 CMakeFiles/DMA_Basic.elf.dir/Drivers/STM32F4xx_HAL_Driver/Src/stm32f4xx_hal_uart.c.obj
 .text.UART_DMAAbortOnError
                0x08002c66       0x10 CMakeFiles/DMA_Basic.elf.dir/Drivers/STM32F4xx_HAL_Driver/Src/stm32f4xx_hal_uart.c.obj
 .text.UART_Receive_IT
                0x08002c76       0xe6 CMakeFiles/DMA_Basic.elf.dir/Drivers/STM32F4xx_HAL_Driver/Src/stm32f4xx_hal_uart.c.obj
 .text.HAL_UART_IRQHandler
                0x08002d5c      0x284 CMakeFiles/DMA_Basic.elf.dir/Drivers/STM32F4xx_HAL_Driver/Src/stm32f4xx_hal_uart.c.obj
                0x08002d5c                HAL_UART_IRQHandler
 .text.UART_DMARxHalfCplt
                0x08002fe0       0x1e CMakeFiles/DMA_Basic.elf.dir/Drivers/STM32F4xx_HAL_Driver/Src/stm32f4xx_hal_uart.c.obj
 .text.UART_DMAReceiveCplt
                0x08002ffe       0x9a CMakeFiles/DMA_Basic.elf.dir/Drivers/STM32F4xx_HAL_Driver/Src/stm32f4xx_hal_uart.c.obj
 .text.UART_Start_Receive_DMA
                0x08003098       0xa4 CMakeFiles/DMA_Basic.elf.dir/Drivers/STM32F4xx_HAL_Driver/Src/stm32f4xx_hal_uart.c.obj
                0x08003098                UART_Start_Receive_DMA
 .text.HAL_UARTEx_ReceiveToIdle_DMA
                0x0800313c       0x66 CMakeFiles/DMA_Basic.elf.dir/Drivers/STM32F4xx_HAL_Driver/Src/stm32f4xx_hal_uart.c.obj
                0x0800313c                HAL_UARTEx_ReceiveToIdle_DMA
 .text.abort    0x080031a2        0xe D:/STM32CubeCLT/STM32CubeCLT_1.16.0/GNU-tools-for-STM32/bin/../lib/gcc/arm-none-eabi/12.3.1/../../../../arm-none-eabi/lib/thumb/v7e-m/nofp\libg.a(libc_a-abort.o)
                0x080031a2                abort
 .text.memset   0x080031b0       0x10 D:/STM32CubeCLT/STM32CubeCLT_1.16.0/GNU-tools-for-STM32/bin/../lib/gcc/arm-none-eabi/12.3.1/../../../../arm-none-eabi/lib/thumb/v7e-m/nofp\libg.a(libc_a-memset.o)
                0x080031b0                memset
 .text._raise_r
                0x080031c0       0x52 D:/STM32CubeCLT/STM32CubeCLT_1.16.0/GNU-tools-for-STM32/bin/../lib/gcc/arm-none-eabi/12.3.1/../../../../arm-none-eabi/lib/thumb/v7e-m/nofp\libg.a(libc_a-signal.o)
                0x080031c0                _raise_r
 *fill*         0x08003212        0x2 
 .text.raise    0x08003214       0x10 D:/STM32CubeCLT/STM32CubeCLT_1.16.0/GNU-tools-for-STM32/bin/../lib/gcc/arm-none-eabi/12.3.1/../../../../arm-none-eabi/lib/thumb/v7e-m/nofp\libg.a(libc_a-signal.o)
                0x08003214                raise
 .text._kill_r  0x08003224       0x24 D:/STM32CubeCLT/STM32CubeCLT_1.16.0/GNU-tools-for-STM32/bin/../lib/gcc/arm-none-eabi/12.3.1/../../../../arm-none-eabi/lib/thumb/v7e-m/nofp\libg.a(libc_a-signalr.o)
                0x08003224                _kill_r
 .text._getpid_r
                0x08003248        0x4 D:/STM32CubeCLT/STM32CubeCLT_1.16.0/GNU-tools-for-STM32/bin/../lib/gcc/arm-none-eabi/12.3.1/../../../../arm-none-eabi/lib/thumb/v7e-m/nofp\libg.a(libc_a-signalr.o)
                0x08003248                _getpid_r
 .text.__errno  0x0800324c        0xc D:/STM32CubeCLT/STM32CubeCLT_1.16.0/GNU-tools-for-STM32/bin/../lib/gcc/arm-none-eabi/12.3.1/../../../../arm-none-eabi/lib/thumb/v7e-m/nofp\libg.a(libc_a-errno.o)
                0x0800324c                __errno
 .text.__libc_init_array
                0x08003258       0x48 D:/STM32CubeCLT/STM32CubeCLT_1.16.0/GNU-tools-for-STM32/bin/../lib/gcc/arm-none-eabi/12.3.1/../../../../arm-none-eabi/lib/thumb/v7e-m/nofp\libg.a(libc_a-init.o)
                0x08003258                __libc_init_array
 .text.__retarget_lock_acquire_recursive
                0x080032a0        0x2 D:/STM32CubeCLT/STM32CubeCLT_1.16.0/GNU-tools-for-STM32/bin/../lib/gcc/arm-none-eabi/12.3.1/../../../../arm-none-eabi/lib/thumb/v7e-m/nofp\libg.a(libc_a-lock.o)
                0x080032a0                __retarget_lock_acquire_recursive
 .text.__retarget_lock_release_recursive
                0x080032a2        0x2 D:/STM32CubeCLT/STM32CubeCLT_1.16.0/GNU-tools-for-STM32/bin/../lib/gcc/arm-none-eabi/12.3.1/../../../../arm-none-eabi/lib/thumb/v7e-m/nofp\libg.a(libc_a-lock.o)
                0x080032a2                __retarget_lock_release_recursive
 .text.memcpy   0x080032a4       0x1c D:/STM32CubeCLT/STM32CubeCLT_1.16.0/GNU-tools-for-STM32/bin/../lib/gcc/arm-none-eabi/12.3.1/../../../../arm-none-eabi/lib/thumb/v7e-m/nofp\libg.a(libc_a-memcpy-stub.o)
                0x080032a4                memcpy
 .text.startup.register_fini
                0x080032c0       0x14 D:/STM32CubeCLT/STM32CubeCLT_1.16.0/GNU-tools-for-STM32/bin/../lib/gcc/arm-none-eabi/12.3.1/../../../../arm-none-eabi/lib/thumb/v7e-m/nofp\libg.a(libc_a-__call_atexit.o)
 .text.atexit   0x080032d4        0xc D:/STM32CubeCLT/STM32CubeCLT_1.16.0/GNU-tools-for-STM32/bin/../lib/gcc/arm-none-eabi/12.3.1/../../../../arm-none-eabi/lib/thumb/v7e-m/nofp\libg.a(libc_a-atexit.o)
                0x080032d4                atexit
 .text.__libc_fini_array
                0x080032e0       0x28 D:/STM32CubeCLT/STM32CubeCLT_1.16.0/GNU-tools-for-STM32/bin/../lib/gcc/arm-none-eabi/12.3.1/../../../../arm-none-eabi/lib/thumb/v7e-m/nofp\libg.a(libc_a-fini.o)
                0x080032e0                __libc_fini_array
 .text.__register_exitproc
                0x08003308       0x80 D:/STM32CubeCLT/STM32CubeCLT_1.16.0/GNU-tools-for-STM32/bin/../lib/gcc/arm-none-eabi/12.3.1/../../../../arm-none-eabi/lib/thumb/v7e-m/nofp\libg.a(libc_a-__atexit.o)
                0x08003308                __register_exitproc
 *(.glue_7)
 .glue_7        0x08003388        0x0 linker stubs
 *(.glue_7t)
 .glue_7t       0x08003388        0x0 linker stubs
 *(.eh_frame)
 .eh_frame      0x08003388        0x0 D:/STM32CubeCLT/STM32CubeCLT_1.16.0/GNU-tools-for-STM32/bin/../lib/gcc/arm-none-eabi/12.3.1/thumb/v7e-m/nofp/crtbegin.o
 *(.init)
 .init          0x08003388        0x4 D:/STM32CubeCLT/STM32CubeCLT_1.16.0/GNU-tools-for-STM32/bin/../lib/gcc/arm-none-eabi/12.3.1/thumb/v7e-m/nofp/crti.o
                0x08003388                _init
 .init          0x0800338c        0x8 D:/STM32CubeCLT/STM32CubeCLT_1.16.0/GNU-tools-for-STM32/bin/../lib/gcc/arm-none-eabi/12.3.1/thumb/v7e-m/nofp/crtn.o
 *(.fini)
 .fini          0x08003394        0x4 D:/STM32CubeCLT/STM32CubeCLT_1.16.0/GNU-tools-for-STM32/bin/../lib/gcc/arm-none-eabi/12.3.1/thumb/v7e-m/nofp/crti.o
                0x08003394                _fini
 .fini          0x08003398        0x8 D:/STM32CubeCLT/STM32CubeCLT_1.16.0/GNU-tools-for-STM32/bin/../lib/gcc/arm-none-eabi/12.3.1/thumb/v7e-m/nofp/crtn.o
                0x080033a0                        . = ALIGN (0x4)
                0x080033a0                        _etext = .

.vfp11_veneer   0x080033a0        0x0
 .vfp11_veneer  0x080033a0        0x0 linker stubs

.v4_bx          0x080033a0        0x0
 .v4_bx         0x080033a0        0x0 linker stubs

.iplt           0x080033a0        0x0
 .iplt          0x080033a0        0x0 D:/STM32CubeCLT/STM32CubeCLT_1.16.0/GNU-tools-for-STM32/bin/../lib/gcc/arm-none-eabi/12.3.1/thumb/v7e-m/nofp/crtbegin.o

.rodata         0x080033a0       0x20
                0x080033a0                        . = ALIGN (0x4)
 *(.rodata)
 *(.rodata*)
 .rodata.APBPrescTable
                0x080033a0        0x8 CMakeFiles/DMA_Basic.elf.dir/Core/Src/system_stm32f4xx.c.obj
                0x080033a0                APBPrescTable
 .rodata.AHBPrescTable
                0x080033a8       0x10 CMakeFiles/DMA_Basic.elf.dir/Core/Src/system_stm32f4xx.c.obj
                0x080033a8                AHBPrescTable
 .rodata.flagBitshiftOffset.0
                0x080033b8        0x8 CMakeFiles/DMA_Basic.elf.dir/Drivers/STM32F4xx_HAL_Driver/Src/stm32f4xx_hal_dma.c.obj
                0x080033c0                        . = ALIGN (0x4)

.ARM.extab      0x080033c0       0x18
                0x080033c0                        . = ALIGN (0x4)
 *(.ARM.extab* .gnu.linkonce.armextab.*)
 .ARM.extab     0x080033c0       0x18 D:/STM32CubeCLT/STM32CubeCLT_1.16.0/GNU-tools-for-STM32/bin/../lib/gcc/arm-none-eabi/12.3.1/thumb/v7e-m/nofp\libgcc.a(pr-support.o)
                0x080033d8                        . = ALIGN (0x4)

.ARM            0x080033d8       0xc8
                0x080033d8                        . = ALIGN (0x4)
                0x080033d8                        __exidx_start = .
 *(.ARM.exidx*)
 .ARM.exidx     0x080033d8        0x8 D:/STM32CubeCLT/STM32CubeCLT_1.16.0/GNU-tools-for-STM32/bin/../lib/gcc/arm-none-eabi/12.3.1/thumb/v7e-m/nofp\libgcc.a(_udivmoddi4.o)
 .ARM.exidx     0x080033e0       0x78 D:/STM32CubeCLT/STM32CubeCLT_1.16.0/GNU-tools-for-STM32/bin/../lib/gcc/arm-none-eabi/12.3.1/thumb/v7e-m/nofp\libgcc.a(unwind-arm.o)
                                 0xd8 (size before relaxing)
 .ARM.exidx     0x08003458       0x38 D:/STM32CubeCLT/STM32CubeCLT_1.16.0/GNU-tools-for-STM32/bin/../lib/gcc/arm-none-eabi/12.3.1/thumb/v7e-m/nofp\libgcc.a(pr-support.o)
 .ARM.exidx.text.HAL_UARTEx_RxEventCallback
                0x08003490       0x10 CMakeFiles/DMA_Basic.elf.dir/Core/Src/RxEventCallback.cpp.obj
                                  0x8 (size before relaxing)
                0x080034a0                        __exidx_end = .
                0x080034a0                        . = ALIGN (0x4)

.preinit_array  0x080034a0        0x0
                0x080034a0                        . = ALIGN (0x4)
                0x080034a0                        PROVIDE (__preinit_array_start = .)
 *(.preinit_array*)
                0x080034a0                        PROVIDE (__preinit_array_end = .)
                0x080034a0                        . = ALIGN (0x4)

.init_array     0x080034a0        0x8
                0x080034a0                        . = ALIGN (0x4)
                0x080034a0                        PROVIDE (__init_array_start = .)
 *(SORT_BY_NAME(.init_array.*))
 .init_array.00000
                0x080034a0        0x4 D:/STM32CubeCLT/STM32CubeCLT_1.16.0/GNU-tools-for-STM32/bin/../lib/gcc/arm-none-eabi/12.3.1/../../../../arm-none-eabi/lib/thumb/v7e-m/nofp\libg.a(libc_a-__call_atexit.o)
 *(.init_array*)
 .init_array    0x080034a4        0x4 D:/STM32CubeCLT/STM32CubeCLT_1.16.0/GNU-tools-for-STM32/bin/../lib/gcc/arm-none-eabi/12.3.1/thumb/v7e-m/nofp/crtbegin.o
                0x080034a8                        PROVIDE (__init_array_end = .)
                0x080034a8                        . = ALIGN (0x4)

.fini_array     0x080034a8        0x4
                0x080034a8                        . = ALIGN (0x4)
                0x080034a8                        PROVIDE (__fini_array_start = .)
 *(SORT_BY_NAME(.fini_array.*))
 *(.fini_array*)
 .fini_array    0x080034a8        0x4 D:/STM32CubeCLT/STM32CubeCLT_1.16.0/GNU-tools-for-STM32/bin/../lib/gcc/arm-none-eabi/12.3.1/thumb/v7e-m/nofp/crtbegin.o
                0x080034ac                        PROVIDE (__fini_array_end = .)
                0x080034ac                        . = ALIGN (0x4)
                0x080034ac                        _sidata = LOADADDR (.data)

.rel.dyn        0x080034ac        0x0
 .rel.iplt      0x080034ac        0x0 D:/STM32CubeCLT/STM32CubeCLT_1.16.0/GNU-tools-for-STM32/bin/../lib/gcc/arm-none-eabi/12.3.1/thumb/v7e-m/nofp/crtbegin.o

.data           0x20000000      0x134 load address 0x080034ac
                0x20000000                        . = ALIGN (0x4)
                0x20000000                        _sdata = .
 *(.data)
 *(.data*)
 .data.SystemCoreClock
                0x20000000        0x4 CMakeFiles/DMA_Basic.elf.dir/Core/Src/system_stm32f4xx.c.obj
                0x20000000                SystemCoreClock
 .data.uwTickFreq
                0x20000004        0x1 CMakeFiles/DMA_Basic.elf.dir/Drivers/STM32F4xx_HAL_Driver/Src/stm32f4xx_hal.c.obj
                0x20000004                uwTickFreq
 *fill*         0x20000005        0x3 
 .data.uwTickPrio
                0x20000008        0x4 CMakeFiles/DMA_Basic.elf.dir/Drivers/STM32F4xx_HAL_Driver/Src/stm32f4xx_hal.c.obj
                0x20000008                uwTickPrio
 .data._impure_ptr
                0x2000000c        0x4 D:/STM32CubeCLT/STM32CubeCLT_1.16.0/GNU-tools-for-STM32/bin/../lib/gcc/arm-none-eabi/12.3.1/../../../../arm-none-eabi/lib/thumb/v7e-m/nofp\libg.a(libc_a-impure.o)
                0x2000000c                _impure_ptr
 .data._impure_data
                0x20000010      0x120 D:/STM32CubeCLT/STM32CubeCLT_1.16.0/GNU-tools-for-STM32/bin/../lib/gcc/arm-none-eabi/12.3.1/../../../../arm-none-eabi/lib/thumb/v7e-m/nofp\libg.a(libc_a-impure.o)
                0x20000010                _impure_data
 .data.__atexit_recursive_mutex
                0x20000130        0x4 D:/STM32CubeCLT/STM32CubeCLT_1.16.0/GNU-tools-for-STM32/bin/../lib/gcc/arm-none-eabi/12.3.1/../../../../arm-none-eabi/lib/thumb/v7e-m/nofp\libg.a(libc_a-__call_atexit.o)
                0x20000130                __atexit_recursive_mutex
 *(.RamFunc)
 *(.RamFunc*)
                0x20000134                        . = ALIGN (0x4)
                0x20000134                        _edata = .
                0x080035e0                        _siccmram = LOADADDR (.ccmram)

.igot.plt       0x20000134        0x0 load address 0x080035e0
 .igot.plt      0x20000134        0x0 D:/STM32CubeCLT/STM32CubeCLT_1.16.0/GNU-tools-for-STM32/bin/../lib/gcc/arm-none-eabi/12.3.1/thumb/v7e-m/nofp/crtbegin.o

.ccmram         0x10000000        0x0 load address 0x080035e0
                0x10000000                        . = ALIGN (0x4)
                0x10000000                        _sccmram = .
 *(.ccmram)
 *(.ccmram*)
                0x10000000                        . = ALIGN (0x4)
                0x10000000                        _eccmram = .
                0x10000000                        . = ALIGN (0x4)

.bss            0x20000134      0x538
                0x20000134                        _sbss = .
                0x20000134                        __bss_start__ = _sbss
 *(.bss)
 .bss           0x20000134       0x1c D:/STM32CubeCLT/STM32CubeCLT_1.16.0/GNU-tools-for-STM32/bin/../lib/gcc/arm-none-eabi/12.3.1/thumb/v7e-m/nofp/crtbegin.o
 *(.bss*)
 .bss.receivedata
                0x20000150       0x32 CMakeFiles/DMA_Basic.elf.dir/Core/Src/main.c.obj
                0x20000150                receivedata
 *fill*         0x20000182        0x2 
 .bss.hdma_usart6_tx
                0x20000184       0x60 CMakeFiles/DMA_Basic.elf.dir/Core/Src/usart.c.obj
                0x20000184                hdma_usart6_tx
 .bss.hdma_usart6_rx
                0x200001e4       0x60 CMakeFiles/DMA_Basic.elf.dir/Core/Src/usart.c.obj
                0x200001e4                hdma_usart6_rx
 .bss.hdma_usart1_tx
                0x20000244       0x60 CMakeFiles/DMA_Basic.elf.dir/Core/Src/usart.c.obj
                0x20000244                hdma_usart1_tx
 .bss.hdma_usart1_rx
                0x200002a4       0x60 CMakeFiles/DMA_Basic.elf.dir/Core/Src/usart.c.obj
                0x200002a4                hdma_usart1_rx
 .bss.huart6    0x20000304       0x48 CMakeFiles/DMA_Basic.elf.dir/Core/Src/usart.c.obj
                0x20000304                huart6
 .bss.huart1    0x2000034c       0x48 CMakeFiles/DMA_Basic.elf.dir/Core/Src/usart.c.obj
                0x2000034c                huart1
 .bss.uwTick    0x20000394        0x4 CMakeFiles/DMA_Basic.elf.dir/Drivers/STM32F4xx_HAL_Driver/Src/stm32f4xx_hal.c.obj
                0x20000394                uwTick
 .bss.__sf      0x20000398      0x138 D:/STM32CubeCLT/STM32CubeCLT_1.16.0/GNU-tools-for-STM32/bin/../lib/gcc/arm-none-eabi/12.3.1/../../../../arm-none-eabi/lib/thumb/v7e-m/nofp\libg.a(libc_a-findfp.o)
                0x20000398                __sf
 .bss.errno     0x200004d0        0x4 D:/STM32CubeCLT/STM32CubeCLT_1.16.0/GNU-tools-for-STM32/bin/../lib/gcc/arm-none-eabi/12.3.1/../../../../arm-none-eabi/lib/thumb/v7e-m/nofp\libg.a(libc_a-reent.o)
                0x200004d0                errno
 .bss.__lock___atexit_recursive_mutex
                0x200004d4        0x1 D:/STM32CubeCLT/STM32CubeCLT_1.16.0/GNU-tools-for-STM32/bin/../lib/gcc/arm-none-eabi/12.3.1/../../../../arm-none-eabi/lib/thumb/v7e-m/nofp\libg.a(libc_a-lock.o)
                0x200004d4                __lock___atexit_recursive_mutex
 *fill*         0x200004d5        0x3 
 .bss.__atexit  0x200004d8        0x4 D:/STM32CubeCLT/STM32CubeCLT_1.16.0/GNU-tools-for-STM32/bin/../lib/gcc/arm-none-eabi/12.3.1/../../../../arm-none-eabi/lib/thumb/v7e-m/nofp\libg.a(libc_a-__call_atexit.o)
                0x200004d8                __atexit
 .bss.__atexit0
                0x200004dc      0x190 D:/STM32CubeCLT/STM32CubeCLT_1.16.0/GNU-tools-for-STM32/bin/../lib/gcc/arm-none-eabi/12.3.1/../../../../arm-none-eabi/lib/thumb/v7e-m/nofp\libg.a(libc_a-__atexit.o)
                0x200004dc                __atexit0
 *(COMMON)
                0x2000066c                        . = ALIGN (0x4)
                0x2000066c                        _ebss = .
                0x2000066c                        __bss_end__ = _ebss

._user_heap_stack
                0x2000066c      0x604
                0x20000670                        . = ALIGN (0x8)
 *fill*         0x2000066c        0x4 
                [!provide]                        PROVIDE (end = .)
                0x20000670                        PROVIDE (_end = .)
                0x20000870                        . = (. + _Min_Heap_Size)
 *fill*         0x20000670      0x200 
                0x20000c70                        . = (. + _Min_Stack_Size)
 *fill*         0x20000870      0x400 
                0x20000c70                        . = ALIGN (0x8)

/DISCARD/
 libc.a(*)
 libm.a(*)
 libgcc.a(*)

.ARM.attributes
                0x00000000       0x2a
 *(.ARM.attributes)
 .ARM.attributes
                0x00000000       0x1e D:/STM32CubeCLT/STM32CubeCLT_1.16.0/GNU-tools-for-STM32/bin/../lib/gcc/arm-none-eabi/12.3.1/thumb/v7e-m/nofp/crti.o
 .ARM.attributes
                0x0000001e       0x2e D:/STM32CubeCLT/STM32CubeCLT_1.16.0/GNU-tools-for-STM32/bin/../lib/gcc/arm-none-eabi/12.3.1/thumb/v7e-m/nofp/crtbegin.o
 .ARM.attributes
                0x0000004c       0x2e CMakeFiles/DMA_Basic.elf.dir/Core/Src/RxEventCallback.cpp.obj
 .ARM.attributes
                0x0000007a       0x2e CMakeFiles/DMA_Basic.elf.dir/Core/Src/dma.c.obj
 .ARM.attributes
                0x000000a8       0x2e CMakeFiles/DMA_Basic.elf.dir/Core/Src/gpio.c.obj
 .ARM.attributes
                0x000000d6       0x2e CMakeFiles/DMA_Basic.elf.dir/Core/Src/main.c.obj
 .ARM.attributes
                0x00000104       0x2e CMakeFiles/DMA_Basic.elf.dir/Core/Src/stm32f4xx_hal_msp.c.obj
 .ARM.attributes
                0x00000132       0x2e CMakeFiles/DMA_Basic.elf.dir/Core/Src/stm32f4xx_it.c.obj
 .ARM.attributes
                0x00000160       0x2e CMakeFiles/DMA_Basic.elf.dir/Core/Src/syscalls.c.obj
 .ARM.attributes
                0x0000018e       0x2e CMakeFiles/DMA_Basic.elf.dir/Core/Src/system_stm32f4xx.c.obj
 .ARM.attributes
                0x000001bc       0x2e CMakeFiles/DMA_Basic.elf.dir/Core/Src/usart.c.obj
 .ARM.attributes
                0x000001ea       0x21 CMakeFiles/DMA_Basic.elf.dir/Core/Startup/startup_stm32f427iihx.s.obj
 .ARM.attributes
                0x0000020b       0x2e CMakeFiles/DMA_Basic.elf.dir/Drivers/STM32F4xx_HAL_Driver/Src/stm32f4xx_hal.c.obj
 .ARM.attributes
                0x00000239       0x2e CMakeFiles/DMA_Basic.elf.dir/Drivers/STM32F4xx_HAL_Driver/Src/stm32f4xx_hal_cortex.c.obj
 .ARM.attributes
                0x00000267       0x2e CMakeFiles/DMA_Basic.elf.dir/Drivers/STM32F4xx_HAL_Driver/Src/stm32f4xx_hal_dma.c.obj
 .ARM.attributes
                0x00000295       0x2e CMakeFiles/DMA_Basic.elf.dir/Drivers/STM32F4xx_HAL_Driver/Src/stm32f4xx_hal_gpio.c.obj
 .ARM.attributes
                0x000002c3       0x2e CMakeFiles/DMA_Basic.elf.dir/Drivers/STM32F4xx_HAL_Driver/Src/stm32f4xx_hal_rcc.c.obj
 .ARM.attributes
                0x000002f1       0x2e CMakeFiles/DMA_Basic.elf.dir/Drivers/STM32F4xx_HAL_Driver/Src/stm32f4xx_hal_uart.c.obj
 .ARM.attributes
                0x0000031f       0x1e D:/STM32CubeCLT/STM32CubeCLT_1.16.0/GNU-tools-for-STM32/bin/../lib/gcc/arm-none-eabi/12.3.1/thumb/v7e-m/nofp\libgcc.a(_aeabi_uldivmod.o)
 .ARM.attributes
                0x0000033d       0x2e D:/STM32CubeCLT/STM32CubeCLT_1.16.0/GNU-tools-for-STM32/bin/../lib/gcc/arm-none-eabi/12.3.1/thumb/v7e-m/nofp\libgcc.a(_udivmoddi4.o)
 .ARM.attributes
                0x0000036b       0x2e D:/STM32CubeCLT/STM32CubeCLT_1.16.0/GNU-tools-for-STM32/bin/../lib/gcc/arm-none-eabi/12.3.1/thumb/v7e-m/nofp\libgcc.a(unwind-arm.o)
 .ARM.attributes
                0x00000399       0x1e D:/STM32CubeCLT/STM32CubeCLT_1.16.0/GNU-tools-for-STM32/bin/../lib/gcc/arm-none-eabi/12.3.1/thumb/v7e-m/nofp\libgcc.a(libunwind.o)
 .ARM.attributes
                0x000003b7       0x2e D:/STM32CubeCLT/STM32CubeCLT_1.16.0/GNU-tools-for-STM32/bin/../lib/gcc/arm-none-eabi/12.3.1/thumb/v7e-m/nofp\libgcc.a(pr-support.o)
 .ARM.attributes
                0x000003e5       0x1e D:/STM32CubeCLT/STM32CubeCLT_1.16.0/GNU-tools-for-STM32/bin/../lib/gcc/arm-none-eabi/12.3.1/thumb/v7e-m/nofp\libgcc.a(_dvmd_tls.o)
 .ARM.attributes
                0x00000403       0x2e D:/STM32CubeCLT/STM32CubeCLT_1.16.0/GNU-tools-for-STM32/bin/../lib/gcc/arm-none-eabi/12.3.1/../../../../arm-none-eabi/lib/thumb/v7e-m/nofp\libg.a(libc_a-abort.o)
 .ARM.attributes
                0x00000431       0x2e D:/STM32CubeCLT/STM32CubeCLT_1.16.0/GNU-tools-for-STM32/bin/../lib/gcc/arm-none-eabi/12.3.1/../../../../arm-none-eabi/lib/thumb/v7e-m/nofp\libg.a(libc_a-findfp.o)
 .ARM.attributes
                0x0000045f       0x2e D:/STM32CubeCLT/STM32CubeCLT_1.16.0/GNU-tools-for-STM32/bin/../lib/gcc/arm-none-eabi/12.3.1/../../../../arm-none-eabi/lib/thumb/v7e-m/nofp\libg.a(libc_a-memset.o)
 .ARM.attributes
                0x0000048d       0x2e D:/STM32CubeCLT/STM32CubeCLT_1.16.0/GNU-tools-for-STM32/bin/../lib/gcc/arm-none-eabi/12.3.1/../../../../arm-none-eabi/lib/thumb/v7e-m/nofp\libg.a(libc_a-signal.o)
 .ARM.attributes
                0x000004bb       0x2e D:/STM32CubeCLT/STM32CubeCLT_1.16.0/GNU-tools-for-STM32/bin/../lib/gcc/arm-none-eabi/12.3.1/../../../../arm-none-eabi/lib/thumb/v7e-m/nofp\libg.a(libc_a-reent.o)
 .ARM.attributes
                0x000004e9       0x2e D:/STM32CubeCLT/STM32CubeCLT_1.16.0/GNU-tools-for-STM32/bin/../lib/gcc/arm-none-eabi/12.3.1/../../../../arm-none-eabi/lib/thumb/v7e-m/nofp\libg.a(libc_a-impure.o)
 .ARM.attributes
                0x00000517       0x2e D:/STM32CubeCLT/STM32CubeCLT_1.16.0/GNU-tools-for-STM32/bin/../lib/gcc/arm-none-eabi/12.3.1/../../../../arm-none-eabi/lib/thumb/v7e-m/nofp\libg.a(libc_a-signalr.o)
 .ARM.attributes
                0x00000545       0x2e D:/STM32CubeCLT/STM32CubeCLT_1.16.0/GNU-tools-for-STM32/bin/../lib/gcc/arm-none-eabi/12.3.1/../../../../arm-none-eabi/lib/thumb/v7e-m/nofp\libg.a(libc_a-errno.o)
 .ARM.attributes
                0x00000573       0x2e D:/STM32CubeCLT/STM32CubeCLT_1.16.0/GNU-tools-for-STM32/bin/../lib/gcc/arm-none-eabi/12.3.1/../../../../arm-none-eabi/lib/thumb/v7e-m/nofp\libg.a(libc_a-init.o)
 .ARM.attributes
                0x000005a1       0x2e D:/STM32CubeCLT/STM32CubeCLT_1.16.0/GNU-tools-for-STM32/bin/../lib/gcc/arm-none-eabi/12.3.1/../../../../arm-none-eabi/lib/thumb/v7e-m/nofp\libg.a(libc_a-lock.o)
 .ARM.attributes
                0x000005cf       0x2e D:/STM32CubeCLT/STM32CubeCLT_1.16.0/GNU-tools-for-STM32/bin/../lib/gcc/arm-none-eabi/12.3.1/../../../../arm-none-eabi/lib/thumb/v7e-m/nofp\libg.a(libc_a-memcpy-stub.o)
 .ARM.attributes
                0x000005fd       0x2e D:/STM32CubeCLT/STM32CubeCLT_1.16.0/GNU-tools-for-STM32/bin/../lib/gcc/arm-none-eabi/12.3.1/../../../../arm-none-eabi/lib/thumb/v7e-m/nofp\libg.a(libc_a-__call_atexit.o)
 .ARM.attributes
                0x0000062b       0x2e D:/STM32CubeCLT/STM32CubeCLT_1.16.0/GNU-tools-for-STM32/bin/../lib/gcc/arm-none-eabi/12.3.1/../../../../arm-none-eabi/lib/thumb/v7e-m/nofp\libg.a(libc_a-atexit.o)
 .ARM.attributes
                0x00000659       0x2e D:/STM32CubeCLT/STM32CubeCLT_1.16.0/GNU-tools-for-STM32/bin/../lib/gcc/arm-none-eabi/12.3.1/../../../../arm-none-eabi/lib/thumb/v7e-m/nofp\libg.a(libc_a-fini.o)
 .ARM.attributes
                0x00000687       0x2e D:/STM32CubeCLT/STM32CubeCLT_1.16.0/GNU-tools-for-STM32/bin/../lib/gcc/arm-none-eabi/12.3.1/../../../../arm-none-eabi/lib/thumb/v7e-m/nofp\libg.a(libc_a-__atexit.o)
 .ARM.attributes
                0x000006b5       0x1e D:/STM32CubeCLT/STM32CubeCLT_1.16.0/GNU-tools-for-STM32/bin/../lib/gcc/arm-none-eabi/12.3.1/thumb/v7e-m/nofp/crtn.o
OUTPUT(DMA_Basic.elf elf32-littlearm)
LOAD linker stubs
LOAD D:/STM32CubeCLT/STM32CubeCLT_1.16.0/GNU-tools-for-STM32/bin/../lib/gcc/arm-none-eabi/12.3.1/../../../../arm-none-eabi/lib/thumb/v7e-m/nofp\libc.a
LOAD D:/STM32CubeCLT/STM32CubeCLT_1.16.0/GNU-tools-for-STM32/bin/../lib/gcc/arm-none-eabi/12.3.1/../../../../arm-none-eabi/lib/thumb/v7e-m/nofp\libm.a
LOAD D:/STM32CubeCLT/STM32CubeCLT_1.16.0/GNU-tools-for-STM32/bin/../lib/gcc/arm-none-eabi/12.3.1/thumb/v7e-m/nofp\libgcc.a

.debug_info     0x00000000     0xfbec
 .debug_info    0x00000000      0x77b CMakeFiles/DMA_Basic.elf.dir/Core/Src/RxEventCallback.cpp.obj
 .debug_info    0x0000077b      0x5bb CMakeFiles/DMA_Basic.elf.dir/Core/Src/dma.c.obj
 .debug_info    0x00000d36      0x4af CMakeFiles/DMA_Basic.elf.dir/Core/Src/gpio.c.obj
 .debug_info    0x000011e5      0xac6 CMakeFiles/DMA_Basic.elf.dir/Core/Src/main.c.obj
 .debug_info    0x00001cab      0x27d CMakeFiles/DMA_Basic.elf.dir/Core/Src/stm32f4xx_hal_msp.c.obj
 .debug_info    0x00001f28      0x732 CMakeFiles/DMA_Basic.elf.dir/Core/Src/stm32f4xx_it.c.obj
 .debug_info    0x0000265a      0x783 CMakeFiles/DMA_Basic.elf.dir/Core/Src/syscalls.c.obj
 .debug_info    0x00002ddd      0x34c CMakeFiles/DMA_Basic.elf.dir/Core/Src/system_stm32f4xx.c.obj
 .debug_info    0x00003129      0xee0 CMakeFiles/DMA_Basic.elf.dir/Core/Src/usart.c.obj
 .debug_info    0x00004009       0x30 CMakeFiles/DMA_Basic.elf.dir/Core/Startup/startup_stm32f427iihx.s.obj
 .debug_info    0x00004039      0xa4c CMakeFiles/DMA_Basic.elf.dir/Drivers/STM32F4xx_HAL_Driver/Src/stm32f4xx_hal.c.obj
 .debug_info    0x00004a85      0xfe5 CMakeFiles/DMA_Basic.elf.dir/Drivers/STM32F4xx_HAL_Driver/Src/stm32f4xx_hal_cortex.c.obj
 .debug_info    0x00005a6a      0xad9 CMakeFiles/DMA_Basic.elf.dir/Drivers/STM32F4xx_HAL_Driver/Src/stm32f4xx_hal_dma.c.obj
 .debug_info    0x00006543      0x71c CMakeFiles/DMA_Basic.elf.dir/Drivers/STM32F4xx_HAL_Driver/Src/stm32f4xx_hal_gpio.c.obj
 .debug_info    0x00006c5f      0xa85 CMakeFiles/DMA_Basic.elf.dir/Drivers/STM32F4xx_HAL_Driver/Src/stm32f4xx_hal_rcc.c.obj
 .debug_info    0x000076e4     0x3fcf CMakeFiles/DMA_Basic.elf.dir/Drivers/STM32F4xx_HAL_Driver/Src/stm32f4xx_hal_uart.c.obj
 .debug_info    0x0000b6b3       0xd8 D:/STM32CubeCLT/STM32CubeCLT_1.16.0/GNU-tools-for-STM32/bin/../lib/gcc/arm-none-eabi/12.3.1/../../../../arm-none-eabi/lib/thumb/v7e-m/nofp\libg.a(libc_a-abort.o)
 .debug_info    0x0000b78b      0xfc5 D:/STM32CubeCLT/STM32CubeCLT_1.16.0/GNU-tools-for-STM32/bin/../lib/gcc/arm-none-eabi/12.3.1/../../../../arm-none-eabi/lib/thumb/v7e-m/nofp\libg.a(libc_a-findfp.o)
 .debug_info    0x0000c750       0xe0 D:/STM32CubeCLT/STM32CubeCLT_1.16.0/GNU-tools-for-STM32/bin/../lib/gcc/arm-none-eabi/12.3.1/../../../../arm-none-eabi/lib/thumb/v7e-m/nofp\libg.a(libc_a-memset.o)
 .debug_info    0x0000c830      0xa0d D:/STM32CubeCLT/STM32CubeCLT_1.16.0/GNU-tools-for-STM32/bin/../lib/gcc/arm-none-eabi/12.3.1/../../../../arm-none-eabi/lib/thumb/v7e-m/nofp\libg.a(libc_a-signal.o)
 .debug_info    0x0000d23d      0x7e7 D:/STM32CubeCLT/STM32CubeCLT_1.16.0/GNU-tools-for-STM32/bin/../lib/gcc/arm-none-eabi/12.3.1/../../../../arm-none-eabi/lib/thumb/v7e-m/nofp\libg.a(libc_a-reent.o)
 .debug_info    0x0000da24      0x733 D:/STM32CubeCLT/STM32CubeCLT_1.16.0/GNU-tools-for-STM32/bin/../lib/gcc/arm-none-eabi/12.3.1/../../../../arm-none-eabi/lib/thumb/v7e-m/nofp\libg.a(libc_a-impure.o)
 .debug_info    0x0000e157      0x7fb D:/STM32CubeCLT/STM32CubeCLT_1.16.0/GNU-tools-for-STM32/bin/../lib/gcc/arm-none-eabi/12.3.1/../../../../arm-none-eabi/lib/thumb/v7e-m/nofp\libg.a(libc_a-signalr.o)
 .debug_info    0x0000e952      0x719 D:/STM32CubeCLT/STM32CubeCLT_1.16.0/GNU-tools-for-STM32/bin/../lib/gcc/arm-none-eabi/12.3.1/../../../../arm-none-eabi/lib/thumb/v7e-m/nofp\libg.a(libc_a-errno.o)
 .debug_info    0x0000f06b      0x10b D:/STM32CubeCLT/STM32CubeCLT_1.16.0/GNU-tools-for-STM32/bin/../lib/gcc/arm-none-eabi/12.3.1/../../../../arm-none-eabi/lib/thumb/v7e-m/nofp\libg.a(libc_a-init.o)
 .debug_info    0x0000f176      0x20a D:/STM32CubeCLT/STM32CubeCLT_1.16.0/GNU-tools-for-STM32/bin/../lib/gcc/arm-none-eabi/12.3.1/../../../../arm-none-eabi/lib/thumb/v7e-m/nofp\libg.a(libc_a-lock.o)
 .debug_info    0x0000f380      0x121 D:/STM32CubeCLT/STM32CubeCLT_1.16.0/GNU-tools-for-STM32/bin/../lib/gcc/arm-none-eabi/12.3.1/../../../../arm-none-eabi/lib/thumb/v7e-m/nofp\libg.a(libc_a-memcpy-stub.o)
 .debug_info    0x0000f4a1      0x2dd D:/STM32CubeCLT/STM32CubeCLT_1.16.0/GNU-tools-for-STM32/bin/../lib/gcc/arm-none-eabi/12.3.1/../../../../arm-none-eabi/lib/thumb/v7e-m/nofp\libg.a(libc_a-__call_atexit.o)
 .debug_info    0x0000f77e      0x118 D:/STM32CubeCLT/STM32CubeCLT_1.16.0/GNU-tools-for-STM32/bin/../lib/gcc/arm-none-eabi/12.3.1/../../../../arm-none-eabi/lib/thumb/v7e-m/nofp\libg.a(libc_a-atexit.o)
 .debug_info    0x0000f896       0xf7 D:/STM32CubeCLT/STM32CubeCLT_1.16.0/GNU-tools-for-STM32/bin/../lib/gcc/arm-none-eabi/12.3.1/../../../../arm-none-eabi/lib/thumb/v7e-m/nofp\libg.a(libc_a-fini.o)
 .debug_info    0x0000f98d      0x25f D:/STM32CubeCLT/STM32CubeCLT_1.16.0/GNU-tools-for-STM32/bin/../lib/gcc/arm-none-eabi/12.3.1/../../../../arm-none-eabi/lib/thumb/v7e-m/nofp\libg.a(libc_a-__atexit.o)

.debug_abbrev   0x00000000     0x362b
 .debug_abbrev  0x00000000      0x1a6 CMakeFiles/DMA_Basic.elf.dir/Core/Src/RxEventCallback.cpp.obj
 .debug_abbrev  0x000001a6      0x12b CMakeFiles/DMA_Basic.elf.dir/Core/Src/dma.c.obj
 .debug_abbrev  0x000002d1      0x164 CMakeFiles/DMA_Basic.elf.dir/Core/Src/gpio.c.obj
 .debug_abbrev  0x00000435      0x241 CMakeFiles/DMA_Basic.elf.dir/Core/Src/main.c.obj
 .debug_abbrev  0x00000676       0xd6 CMakeFiles/DMA_Basic.elf.dir/Core/Src/stm32f4xx_hal_msp.c.obj
 .debug_abbrev  0x0000074c      0x19c CMakeFiles/DMA_Basic.elf.dir/Core/Src/stm32f4xx_it.c.obj
 .debug_abbrev  0x000008e8      0x1c1 CMakeFiles/DMA_Basic.elf.dir/Core/Src/syscalls.c.obj
 .debug_abbrev  0x00000aa9      0x120 CMakeFiles/DMA_Basic.elf.dir/Core/Src/system_stm32f4xx.c.obj
 .debug_abbrev  0x00000bc9      0x250 CMakeFiles/DMA_Basic.elf.dir/Core/Src/usart.c.obj
 .debug_abbrev  0x00000e19       0x24 CMakeFiles/DMA_Basic.elf.dir/Core/Startup/startup_stm32f427iihx.s.obj
 .debug_abbrev  0x00000e3d      0x240 CMakeFiles/DMA_Basic.elf.dir/Drivers/STM32F4xx_HAL_Driver/Src/stm32f4xx_hal.c.obj
 .debug_abbrev  0x0000107d      0x391 CMakeFiles/DMA_Basic.elf.dir/Drivers/STM32F4xx_HAL_Driver/Src/stm32f4xx_hal_cortex.c.obj
 .debug_abbrev  0x0000140e      0x2c0 CMakeFiles/DMA_Basic.elf.dir/Drivers/STM32F4xx_HAL_Driver/Src/stm32f4xx_hal_dma.c.obj
 .debug_abbrev  0x000016ce      0x202 CMakeFiles/DMA_Basic.elf.dir/Drivers/STM32F4xx_HAL_Driver/Src/stm32f4xx_hal_gpio.c.obj
 .debug_abbrev  0x000018d0      0x2c7 CMakeFiles/DMA_Basic.elf.dir/Drivers/STM32F4xx_HAL_Driver/Src/stm32f4xx_hal_rcc.c.obj
 .debug_abbrev  0x00001b97      0x32f CMakeFiles/DMA_Basic.elf.dir/Drivers/STM32F4xx_HAL_Driver/Src/stm32f4xx_hal_uart.c.obj
 .debug_abbrev  0x00001ec6       0x99 D:/STM32CubeCLT/STM32CubeCLT_1.16.0/GNU-tools-for-STM32/bin/../lib/gcc/arm-none-eabi/12.3.1/../../../../arm-none-eabi/lib/thumb/v7e-m/nofp\libg.a(libc_a-abort.o)
 .debug_abbrev  0x00001f5f      0x462 D:/STM32CubeCLT/STM32CubeCLT_1.16.0/GNU-tools-for-STM32/bin/../lib/gcc/arm-none-eabi/12.3.1/../../../../arm-none-eabi/lib/thumb/v7e-m/nofp\libg.a(libc_a-findfp.o)
 .debug_abbrev  0x000023c1       0x9e D:/STM32CubeCLT/STM32CubeCLT_1.16.0/GNU-tools-for-STM32/bin/../lib/gcc/arm-none-eabi/12.3.1/../../../../arm-none-eabi/lib/thumb/v7e-m/nofp\libg.a(libc_a-memset.o)
 .debug_abbrev  0x0000245f      0x28a D:/STM32CubeCLT/STM32CubeCLT_1.16.0/GNU-tools-for-STM32/bin/../lib/gcc/arm-none-eabi/12.3.1/../../../../arm-none-eabi/lib/thumb/v7e-m/nofp\libg.a(libc_a-signal.o)
 .debug_abbrev  0x000026e9      0x229 D:/STM32CubeCLT/STM32CubeCLT_1.16.0/GNU-tools-for-STM32/bin/../lib/gcc/arm-none-eabi/12.3.1/../../../../arm-none-eabi/lib/thumb/v7e-m/nofp\libg.a(libc_a-reent.o)
 .debug_abbrev  0x00002912      0x185 D:/STM32CubeCLT/STM32CubeCLT_1.16.0/GNU-tools-for-STM32/bin/../lib/gcc/arm-none-eabi/12.3.1/../../../../arm-none-eabi/lib/thumb/v7e-m/nofp\libg.a(libc_a-impure.o)
 .debug_abbrev  0x00002a97      0x239 D:/STM32CubeCLT/STM32CubeCLT_1.16.0/GNU-tools-for-STM32/bin/../lib/gcc/arm-none-eabi/12.3.1/../../../../arm-none-eabi/lib/thumb/v7e-m/nofp\libg.a(libc_a-signalr.o)
 .debug_abbrev  0x00002cd0      0x19a D:/STM32CubeCLT/STM32CubeCLT_1.16.0/GNU-tools-for-STM32/bin/../lib/gcc/arm-none-eabi/12.3.1/../../../../arm-none-eabi/lib/thumb/v7e-m/nofp\libg.a(libc_a-errno.o)
 .debug_abbrev  0x00002e6a       0xc9 D:/STM32CubeCLT/STM32CubeCLT_1.16.0/GNU-tools-for-STM32/bin/../lib/gcc/arm-none-eabi/12.3.1/../../../../arm-none-eabi/lib/thumb/v7e-m/nofp\libg.a(libc_a-init.o)
 .debug_abbrev  0x00002f33      0x115 D:/STM32CubeCLT/STM32CubeCLT_1.16.0/GNU-tools-for-STM32/bin/../lib/gcc/arm-none-eabi/12.3.1/../../../../arm-none-eabi/lib/thumb/v7e-m/nofp\libg.a(libc_a-lock.o)
 .debug_abbrev  0x00003048       0xc1 D:/STM32CubeCLT/STM32CubeCLT_1.16.0/GNU-tools-for-STM32/bin/../lib/gcc/arm-none-eabi/12.3.1/../../../../arm-none-eabi/lib/thumb/v7e-m/nofp\libg.a(libc_a-memcpy-stub.o)
 .debug_abbrev  0x00003109      0x20c D:/STM32CubeCLT/STM32CubeCLT_1.16.0/GNU-tools-for-STM32/bin/../lib/gcc/arm-none-eabi/12.3.1/../../../../arm-none-eabi/lib/thumb/v7e-m/nofp\libg.a(libc_a-__call_atexit.o)
 .debug_abbrev  0x00003315       0xc1 D:/STM32CubeCLT/STM32CubeCLT_1.16.0/GNU-tools-for-STM32/bin/../lib/gcc/arm-none-eabi/12.3.1/../../../../arm-none-eabi/lib/thumb/v7e-m/nofp\libg.a(libc_a-atexit.o)
 .debug_abbrev  0x000033d6       0xcc D:/STM32CubeCLT/STM32CubeCLT_1.16.0/GNU-tools-for-STM32/bin/../lib/gcc/arm-none-eabi/12.3.1/../../../../arm-none-eabi/lib/thumb/v7e-m/nofp\libg.a(libc_a-fini.o)
 .debug_abbrev  0x000034a2      0x189 D:/STM32CubeCLT/STM32CubeCLT_1.16.0/GNU-tools-for-STM32/bin/../lib/gcc/arm-none-eabi/12.3.1/../../../../arm-none-eabi/lib/thumb/v7e-m/nofp\libg.a(libc_a-__atexit.o)

.debug_loclists
                0x00000000     0x4a1b
 .debug_loclists
                0x00000000       0x5c CMakeFiles/DMA_Basic.elf.dir/Core/Src/RxEventCallback.cpp.obj
 .debug_loclists
                0x0000005c      0x25b CMakeFiles/DMA_Basic.elf.dir/Core/Src/syscalls.c.obj
 .debug_loclists
                0x000002b7       0xdb CMakeFiles/DMA_Basic.elf.dir/Core/Src/system_stm32f4xx.c.obj
 .debug_loclists
                0x00000392       0x74 CMakeFiles/DMA_Basic.elf.dir/Core/Src/usart.c.obj
 .debug_loclists
                0x00000406       0xc9 CMakeFiles/DMA_Basic.elf.dir/Drivers/STM32F4xx_HAL_Driver/Src/stm32f4xx_hal.c.obj
 .debug_loclists
                0x000004cf      0x439 CMakeFiles/DMA_Basic.elf.dir/Drivers/STM32F4xx_HAL_Driver/Src/stm32f4xx_hal_cortex.c.obj
 .debug_loclists
                0x00000908      0x763 CMakeFiles/DMA_Basic.elf.dir/Drivers/STM32F4xx_HAL_Driver/Src/stm32f4xx_hal_dma.c.obj
 .debug_loclists
                0x0000106b      0x356 CMakeFiles/DMA_Basic.elf.dir/Drivers/STM32F4xx_HAL_Driver/Src/stm32f4xx_hal_gpio.c.obj
 .debug_loclists
                0x000013c1      0x3a9 CMakeFiles/DMA_Basic.elf.dir/Drivers/STM32F4xx_HAL_Driver/Src/stm32f4xx_hal_rcc.c.obj
 .debug_loclists
                0x0000176a     0x29f1 CMakeFiles/DMA_Basic.elf.dir/Drivers/STM32F4xx_HAL_Driver/Src/stm32f4xx_hal_uart.c.obj
 .debug_loclists
                0x0000415b      0x252 D:/STM32CubeCLT/STM32CubeCLT_1.16.0/GNU-tools-for-STM32/bin/../lib/gcc/arm-none-eabi/12.3.1/../../../../arm-none-eabi/lib/thumb/v7e-m/nofp\libg.a(libc_a-findfp.o)
 .debug_loclists
                0x000043ad       0x47 D:/STM32CubeCLT/STM32CubeCLT_1.16.0/GNU-tools-for-STM32/bin/../lib/gcc/arm-none-eabi/12.3.1/../../../../arm-none-eabi/lib/thumb/v7e-m/nofp\libg.a(libc_a-memset.o)
 .debug_loclists
                0x000043f4      0x281 D:/STM32CubeCLT/STM32CubeCLT_1.16.0/GNU-tools-for-STM32/bin/../lib/gcc/arm-none-eabi/12.3.1/../../../../arm-none-eabi/lib/thumb/v7e-m/nofp\libg.a(libc_a-signal.o)
 .debug_loclists
                0x00004675       0x68 D:/STM32CubeCLT/STM32CubeCLT_1.16.0/GNU-tools-for-STM32/bin/../lib/gcc/arm-none-eabi/12.3.1/../../../../arm-none-eabi/lib/thumb/v7e-m/nofp\libg.a(libc_a-reent.o)
 .debug_loclists
                0x000046dd       0x81 D:/STM32CubeCLT/STM32CubeCLT_1.16.0/GNU-tools-for-STM32/bin/../lib/gcc/arm-none-eabi/12.3.1/../../../../arm-none-eabi/lib/thumb/v7e-m/nofp\libg.a(libc_a-signalr.o)
 .debug_loclists
                0x0000475e       0x44 D:/STM32CubeCLT/STM32CubeCLT_1.16.0/GNU-tools-for-STM32/bin/../lib/gcc/arm-none-eabi/12.3.1/../../../../arm-none-eabi/lib/thumb/v7e-m/nofp\libg.a(libc_a-init.o)
 .debug_loclists
                0x000047a2       0x23 D:/STM32CubeCLT/STM32CubeCLT_1.16.0/GNU-tools-for-STM32/bin/../lib/gcc/arm-none-eabi/12.3.1/../../../../arm-none-eabi/lib/thumb/v7e-m/nofp\libg.a(libc_a-lock.o)
 .debug_loclists
                0x000047c5       0x8f D:/STM32CubeCLT/STM32CubeCLT_1.16.0/GNU-tools-for-STM32/bin/../lib/gcc/arm-none-eabi/12.3.1/../../../../arm-none-eabi/lib/thumb/v7e-m/nofp\libg.a(libc_a-memcpy-stub.o)
 .debug_loclists
                0x00004854       0xd4 D:/STM32CubeCLT/STM32CubeCLT_1.16.0/GNU-tools-for-STM32/bin/../lib/gcc/arm-none-eabi/12.3.1/../../../../arm-none-eabi/lib/thumb/v7e-m/nofp\libg.a(libc_a-__call_atexit.o)
 .debug_loclists
                0x00004928       0x2a D:/STM32CubeCLT/STM32CubeCLT_1.16.0/GNU-tools-for-STM32/bin/../lib/gcc/arm-none-eabi/12.3.1/../../../../arm-none-eabi/lib/thumb/v7e-m/nofp\libg.a(libc_a-atexit.o)
 .debug_loclists
                0x00004952       0x3b D:/STM32CubeCLT/STM32CubeCLT_1.16.0/GNU-tools-for-STM32/bin/../lib/gcc/arm-none-eabi/12.3.1/../../../../arm-none-eabi/lib/thumb/v7e-m/nofp\libg.a(libc_a-fini.o)
 .debug_loclists
                0x0000498d       0x8e D:/STM32CubeCLT/STM32CubeCLT_1.16.0/GNU-tools-for-STM32/bin/../lib/gcc/arm-none-eabi/12.3.1/../../../../arm-none-eabi/lib/thumb/v7e-m/nofp\libg.a(libc_a-__atexit.o)

.debug_aranges  0x00000000      0xaa0
 .debug_aranges
                0x00000000       0x20 CMakeFiles/DMA_Basic.elf.dir/Core/Src/RxEventCallback.cpp.obj
 .debug_aranges
                0x00000020       0x20 CMakeFiles/DMA_Basic.elf.dir/Core/Src/dma.c.obj
 .debug_aranges
                0x00000040       0x20 CMakeFiles/DMA_Basic.elf.dir/Core/Src/gpio.c.obj
 .debug_aranges
                0x00000060       0x30 CMakeFiles/DMA_Basic.elf.dir/Core/Src/main.c.obj
 .debug_aranges
                0x00000090       0x20 CMakeFiles/DMA_Basic.elf.dir/Core/Src/stm32f4xx_hal_msp.c.obj
 .debug_aranges
                0x000000b0       0x90 CMakeFiles/DMA_Basic.elf.dir/Core/Src/stm32f4xx_it.c.obj
 .debug_aranges
                0x00000140       0xa8 CMakeFiles/DMA_Basic.elf.dir/Core/Src/syscalls.c.obj
 .debug_aranges
                0x000001e8       0x28 CMakeFiles/DMA_Basic.elf.dir/Core/Src/system_stm32f4xx.c.obj
 .debug_aranges
                0x00000210       0x38 CMakeFiles/DMA_Basic.elf.dir/Core/Src/usart.c.obj
 .debug_aranges
                0x00000248       0x28 CMakeFiles/DMA_Basic.elf.dir/Core/Startup/startup_stm32f427iihx.s.obj
 .debug_aranges
                0x00000270      0x100 CMakeFiles/DMA_Basic.elf.dir/Drivers/STM32F4xx_HAL_Driver/Src/stm32f4xx_hal.c.obj
 .debug_aranges
                0x00000370       0xf8 CMakeFiles/DMA_Basic.elf.dir/Drivers/STM32F4xx_HAL_Driver/Src/stm32f4xx_hal_cortex.c.obj
 .debug_aranges
                0x00000468       0x90 CMakeFiles/DMA_Basic.elf.dir/Drivers/STM32F4xx_HAL_Driver/Src/stm32f4xx_hal_dma.c.obj
 .debug_aranges
                0x000004f8       0x58 CMakeFiles/DMA_Basic.elf.dir/Drivers/STM32F4xx_HAL_Driver/Src/stm32f4xx_hal_gpio.c.obj
 .debug_aranges
                0x00000550       0x88 CMakeFiles/DMA_Basic.elf.dir/Drivers/STM32F4xx_HAL_Driver/Src/stm32f4xx_hal_rcc.c.obj
 .debug_aranges
                0x000005d8      0x208 CMakeFiles/DMA_Basic.elf.dir/Drivers/STM32F4xx_HAL_Driver/Src/stm32f4xx_hal_uart.c.obj
 .debug_aranges
                0x000007e0       0x20 D:/STM32CubeCLT/STM32CubeCLT_1.16.0/GNU-tools-for-STM32/bin/../lib/gcc/arm-none-eabi/12.3.1/../../../../arm-none-eabi/lib/thumb/v7e-m/nofp\libg.a(libc_a-abort.o)
 .debug_aranges
                0x00000800       0x78 D:/STM32CubeCLT/STM32CubeCLT_1.16.0/GNU-tools-for-STM32/bin/../lib/gcc/arm-none-eabi/12.3.1/../../../../arm-none-eabi/lib/thumb/v7e-m/nofp\libg.a(libc_a-findfp.o)
 .debug_aranges
                0x00000878       0x20 D:/STM32CubeCLT/STM32CubeCLT_1.16.0/GNU-tools-for-STM32/bin/../lib/gcc/arm-none-eabi/12.3.1/../../../../arm-none-eabi/lib/thumb/v7e-m/nofp\libg.a(libc_a-memset.o)
 .debug_aranges
                0x00000898       0x58 D:/STM32CubeCLT/STM32CubeCLT_1.16.0/GNU-tools-for-STM32/bin/../lib/gcc/arm-none-eabi/12.3.1/../../../../arm-none-eabi/lib/thumb/v7e-m/nofp\libg.a(libc_a-signal.o)
 .debug_aranges
                0x000008f0       0x20 D:/STM32CubeCLT/STM32CubeCLT_1.16.0/GNU-tools-for-STM32/bin/../lib/gcc/arm-none-eabi/12.3.1/../../../../arm-none-eabi/lib/thumb/v7e-m/nofp\libg.a(libc_a-reent.o)
 .debug_aranges
                0x00000910       0x18 D:/STM32CubeCLT/STM32CubeCLT_1.16.0/GNU-tools-for-STM32/bin/../lib/gcc/arm-none-eabi/12.3.1/../../../../arm-none-eabi/lib/thumb/v7e-m/nofp\libg.a(libc_a-impure.o)
 .debug_aranges
                0x00000928       0x28 D:/STM32CubeCLT/STM32CubeCLT_1.16.0/GNU-tools-for-STM32/bin/../lib/gcc/arm-none-eabi/12.3.1/../../../../arm-none-eabi/lib/thumb/v7e-m/nofp\libg.a(libc_a-signalr.o)
 .debug_aranges
                0x00000950       0x20 D:/STM32CubeCLT/STM32CubeCLT_1.16.0/GNU-tools-for-STM32/bin/../lib/gcc/arm-none-eabi/12.3.1/../../../../arm-none-eabi/lib/thumb/v7e-m/nofp\libg.a(libc_a-errno.o)
 .debug_aranges
                0x00000970       0x20 D:/STM32CubeCLT/STM32CubeCLT_1.16.0/GNU-tools-for-STM32/bin/../lib/gcc/arm-none-eabi/12.3.1/../../../../arm-none-eabi/lib/thumb/v7e-m/nofp\libg.a(libc_a-init.o)
 .debug_aranges
                0x00000990       0x68 D:/STM32CubeCLT/STM32CubeCLT_1.16.0/GNU-tools-for-STM32/bin/../lib/gcc/arm-none-eabi/12.3.1/../../../../arm-none-eabi/lib/thumb/v7e-m/nofp\libg.a(libc_a-lock.o)
 .debug_aranges
                0x000009f8       0x20 D:/STM32CubeCLT/STM32CubeCLT_1.16.0/GNU-tools-for-STM32/bin/../lib/gcc/arm-none-eabi/12.3.1/../../../../arm-none-eabi/lib/thumb/v7e-m/nofp\libg.a(libc_a-memcpy-stub.o)
 .debug_aranges
                0x00000a18       0x28 D:/STM32CubeCLT/STM32CubeCLT_1.16.0/GNU-tools-for-STM32/bin/../lib/gcc/arm-none-eabi/12.3.1/../../../../arm-none-eabi/lib/thumb/v7e-m/nofp\libg.a(libc_a-__call_atexit.o)
 .debug_aranges
                0x00000a40       0x20 D:/STM32CubeCLT/STM32CubeCLT_1.16.0/GNU-tools-for-STM32/bin/../lib/gcc/arm-none-eabi/12.3.1/../../../../arm-none-eabi/lib/thumb/v7e-m/nofp\libg.a(libc_a-atexit.o)
 .debug_aranges
                0x00000a60       0x20 D:/STM32CubeCLT/STM32CubeCLT_1.16.0/GNU-tools-for-STM32/bin/../lib/gcc/arm-none-eabi/12.3.1/../../../../arm-none-eabi/lib/thumb/v7e-m/nofp\libg.a(libc_a-fini.o)
 .debug_aranges
                0x00000a80       0x20 D:/STM32CubeCLT/STM32CubeCLT_1.16.0/GNU-tools-for-STM32/bin/../lib/gcc/arm-none-eabi/12.3.1/../../../../arm-none-eabi/lib/thumb/v7e-m/nofp\libg.a(libc_a-__atexit.o)

.debug_rnglists
                0x00000000      0x7df
 .debug_rnglists
                0x00000000       0x13 CMakeFiles/DMA_Basic.elf.dir/Core/Src/RxEventCallback.cpp.obj
 .debug_rnglists
                0x00000013       0x13 CMakeFiles/DMA_Basic.elf.dir/Core/Src/dma.c.obj
 .debug_rnglists
                0x00000026       0x14 CMakeFiles/DMA_Basic.elf.dir/Core/Src/gpio.c.obj
 .debug_rnglists
                0x0000003a       0x20 CMakeFiles/DMA_Basic.elf.dir/Core/Src/main.c.obj
 .debug_rnglists
                0x0000005a       0x13 CMakeFiles/DMA_Basic.elf.dir/Core/Src/stm32f4xx_hal_msp.c.obj
 .debug_rnglists
                0x0000006d       0x67 CMakeFiles/DMA_Basic.elf.dir/Core/Src/stm32f4xx_it.c.obj
 .debug_rnglists
                0x000000d4       0x79 CMakeFiles/DMA_Basic.elf.dir/Core/Src/syscalls.c.obj
 .debug_rnglists
                0x0000014d       0x1a CMakeFiles/DMA_Basic.elf.dir/Core/Src/system_stm32f4xx.c.obj
 .debug_rnglists
                0x00000167       0x27 CMakeFiles/DMA_Basic.elf.dir/Core/Src/usart.c.obj
 .debug_rnglists
                0x0000018e       0x19 CMakeFiles/DMA_Basic.elf.dir/Core/Startup/startup_stm32f427iihx.s.obj
 .debug_rnglists
                0x000001a7       0xbb CMakeFiles/DMA_Basic.elf.dir/Drivers/STM32F4xx_HAL_Driver/Src/stm32f4xx_hal.c.obj
 .debug_rnglists
                0x00000262       0xb5 CMakeFiles/DMA_Basic.elf.dir/Drivers/STM32F4xx_HAL_Driver/Src/stm32f4xx_hal_cortex.c.obj
 .debug_rnglists
                0x00000317       0x6c CMakeFiles/DMA_Basic.elf.dir/Drivers/STM32F4xx_HAL_Driver/Src/stm32f4xx_hal_dma.c.obj
 .debug_rnglists
                0x00000383       0x3f CMakeFiles/DMA_Basic.elf.dir/Drivers/STM32F4xx_HAL_Driver/Src/stm32f4xx_hal_gpio.c.obj
 .debug_rnglists
                0x000003c2       0x75 CMakeFiles/DMA_Basic.elf.dir/Drivers/STM32F4xx_HAL_Driver/Src/stm32f4xx_hal_rcc.c.obj
 .debug_rnglists
                0x00000437      0x1a1 CMakeFiles/DMA_Basic.elf.dir/Drivers/STM32F4xx_HAL_Driver/Src/stm32f4xx_hal_uart.c.obj
 .debug_rnglists
                0x000005d8       0x13 D:/STM32CubeCLT/STM32CubeCLT_1.16.0/GNU-tools-for-STM32/bin/../lib/gcc/arm-none-eabi/12.3.1/../../../../arm-none-eabi/lib/thumb/v7e-m/nofp\libg.a(libc_a-abort.o)
 .debug_rnglists
                0x000005eb       0x7a D:/STM32CubeCLT/STM32CubeCLT_1.16.0/GNU-tools-for-STM32/bin/../lib/gcc/arm-none-eabi/12.3.1/../../../../arm-none-eabi/lib/thumb/v7e-m/nofp\libg.a(libc_a-findfp.o)
 .debug_rnglists
                0x00000665       0x13 D:/STM32CubeCLT/STM32CubeCLT_1.16.0/GNU-tools-for-STM32/bin/../lib/gcc/arm-none-eabi/12.3.1/../../../../arm-none-eabi/lib/thumb/v7e-m/nofp\libg.a(libc_a-memset.o)
 .debug_rnglists
                0x00000678       0x3d D:/STM32CubeCLT/STM32CubeCLT_1.16.0/GNU-tools-for-STM32/bin/../lib/gcc/arm-none-eabi/12.3.1/../../../../arm-none-eabi/lib/thumb/v7e-m/nofp\libg.a(libc_a-signal.o)
 .debug_rnglists
                0x000006b5       0x2b D:/STM32CubeCLT/STM32CubeCLT_1.16.0/GNU-tools-for-STM32/bin/../lib/gcc/arm-none-eabi/12.3.1/../../../../arm-none-eabi/lib/thumb/v7e-m/nofp\libg.a(libc_a-reent.o)
 .debug_rnglists
                0x000006e0       0x19 D:/STM32CubeCLT/STM32CubeCLT_1.16.0/GNU-tools-for-STM32/bin/../lib/gcc/arm-none-eabi/12.3.1/../../../../arm-none-eabi/lib/thumb/v7e-m/nofp\libg.a(libc_a-signalr.o)
 .debug_rnglists
                0x000006f9       0x13 D:/STM32CubeCLT/STM32CubeCLT_1.16.0/GNU-tools-for-STM32/bin/../lib/gcc/arm-none-eabi/12.3.1/../../../../arm-none-eabi/lib/thumb/v7e-m/nofp\libg.a(libc_a-errno.o)
 .debug_rnglists
                0x0000070c       0x13 D:/STM32CubeCLT/STM32CubeCLT_1.16.0/GNU-tools-for-STM32/bin/../lib/gcc/arm-none-eabi/12.3.1/../../../../arm-none-eabi/lib/thumb/v7e-m/nofp\libg.a(libc_a-init.o)
 .debug_rnglists
                0x0000071f       0x49 D:/STM32CubeCLT/STM32CubeCLT_1.16.0/GNU-tools-for-STM32/bin/../lib/gcc/arm-none-eabi/12.3.1/../../../../arm-none-eabi/lib/thumb/v7e-m/nofp\libg.a(libc_a-lock.o)
 .debug_rnglists
                0x00000768       0x13 D:/STM32CubeCLT/STM32CubeCLT_1.16.0/GNU-tools-for-STM32/bin/../lib/gcc/arm-none-eabi/12.3.1/../../../../arm-none-eabi/lib/thumb/v7e-m/nofp\libg.a(libc_a-memcpy-stub.o)
 .debug_rnglists
                0x0000077b       0x2a D:/STM32CubeCLT/STM32CubeCLT_1.16.0/GNU-tools-for-STM32/bin/../lib/gcc/arm-none-eabi/12.3.1/../../../../arm-none-eabi/lib/thumb/v7e-m/nofp\libg.a(libc_a-__call_atexit.o)
 .debug_rnglists
                0x000007a5       0x13 D:/STM32CubeCLT/STM32CubeCLT_1.16.0/GNU-tools-for-STM32/bin/../lib/gcc/arm-none-eabi/12.3.1/../../../../arm-none-eabi/lib/thumb/v7e-m/nofp\libg.a(libc_a-atexit.o)
 .debug_rnglists
                0x000007b8       0x13 D:/STM32CubeCLT/STM32CubeCLT_1.16.0/GNU-tools-for-STM32/bin/../lib/gcc/arm-none-eabi/12.3.1/../../../../arm-none-eabi/lib/thumb/v7e-m/nofp\libg.a(libc_a-fini.o)
 .debug_rnglists
                0x000007cb       0x14 D:/STM32CubeCLT/STM32CubeCLT_1.16.0/GNU-tools-for-STM32/bin/../lib/gcc/arm-none-eabi/12.3.1/../../../../arm-none-eabi/lib/thumb/v7e-m/nofp\libg.a(libc_a-__atexit.o)

.debug_line     0x00000000     0xb57a
 .debug_line    0x00000000      0x2de CMakeFiles/DMA_Basic.elf.dir/Core/Src/RxEventCallback.cpp.obj
 .debug_line    0x000002de      0x241 CMakeFiles/DMA_Basic.elf.dir/Core/Src/dma.c.obj
 .debug_line    0x0000051f      0x29c CMakeFiles/DMA_Basic.elf.dir/Core/Src/gpio.c.obj
 .debug_line    0x000007bb      0x41b CMakeFiles/DMA_Basic.elf.dir/Core/Src/main.c.obj
 .debug_line    0x00000bd6      0x1f9 CMakeFiles/DMA_Basic.elf.dir/Core/Src/stm32f4xx_hal_msp.c.obj
 .debug_line    0x00000dcf      0x407 CMakeFiles/DMA_Basic.elf.dir/Core/Src/stm32f4xx_it.c.obj
 .debug_line    0x000011d6      0x468 CMakeFiles/DMA_Basic.elf.dir/Core/Src/syscalls.c.obj
 .debug_line    0x0000163e      0x2c1 CMakeFiles/DMA_Basic.elf.dir/Core/Src/system_stm32f4xx.c.obj
 .debug_line    0x000018ff      0x63b CMakeFiles/DMA_Basic.elf.dir/Core/Src/usart.c.obj
 .debug_line    0x00001f3a       0x7a CMakeFiles/DMA_Basic.elf.dir/Core/Startup/startup_stm32f427iihx.s.obj
 .debug_line    0x00001fb4      0x675 CMakeFiles/DMA_Basic.elf.dir/Drivers/STM32F4xx_HAL_Driver/Src/stm32f4xx_hal.c.obj
 .debug_line    0x00002629      0x92a CMakeFiles/DMA_Basic.elf.dir/Drivers/STM32F4xx_HAL_Driver/Src/stm32f4xx_hal_cortex.c.obj
 .debug_line    0x00002f53      0xf17 CMakeFiles/DMA_Basic.elf.dir/Drivers/STM32F4xx_HAL_Driver/Src/stm32f4xx_hal_dma.c.obj
 .debug_line    0x00003e6a      0x78f CMakeFiles/DMA_Basic.elf.dir/Drivers/STM32F4xx_HAL_Driver/Src/stm32f4xx_hal_gpio.c.obj
 .debug_line    0x000045f9      0xbf8 CMakeFiles/DMA_Basic.elf.dir/Drivers/STM32F4xx_HAL_Driver/Src/stm32f4xx_hal_rcc.c.obj
 .debug_line    0x000051f1     0x4396 CMakeFiles/DMA_Basic.elf.dir/Drivers/STM32F4xx_HAL_Driver/Src/stm32f4xx_hal_uart.c.obj
 .debug_line    0x00009587      0x167 D:/STM32CubeCLT/STM32CubeCLT_1.16.0/GNU-tools-for-STM32/bin/../lib/gcc/arm-none-eabi/12.3.1/../../../../arm-none-eabi/lib/thumb/v7e-m/nofp\libg.a(libc_a-abort.o)
 .debug_line    0x000096ee      0x596 D:/STM32CubeCLT/STM32CubeCLT_1.16.0/GNU-tools-for-STM32/bin/../lib/gcc/arm-none-eabi/12.3.1/../../../../arm-none-eabi/lib/thumb/v7e-m/nofp\libg.a(libc_a-findfp.o)
 .debug_line    0x00009c84      0x17e D:/STM32CubeCLT/STM32CubeCLT_1.16.0/GNU-tools-for-STM32/bin/../lib/gcc/arm-none-eabi/12.3.1/../../../../arm-none-eabi/lib/thumb/v7e-m/nofp\libg.a(libc_a-memset.o)
 .debug_line    0x00009e02      0x44b D:/STM32CubeCLT/STM32CubeCLT_1.16.0/GNU-tools-for-STM32/bin/../lib/gcc/arm-none-eabi/12.3.1/../../../../arm-none-eabi/lib/thumb/v7e-m/nofp\libg.a(libc_a-signal.o)
 .debug_line    0x0000a24d      0x263 D:/STM32CubeCLT/STM32CubeCLT_1.16.0/GNU-tools-for-STM32/bin/../lib/gcc/arm-none-eabi/12.3.1/../../../../arm-none-eabi/lib/thumb/v7e-m/nofp\libg.a(libc_a-reent.o)
 .debug_line    0x0000a4b0      0x163 D:/STM32CubeCLT/STM32CubeCLT_1.16.0/GNU-tools-for-STM32/bin/../lib/gcc/arm-none-eabi/12.3.1/../../../../arm-none-eabi/lib/thumb/v7e-m/nofp\libg.a(libc_a-impure.o)
 .debug_line    0x0000a613      0x24c D:/STM32CubeCLT/STM32CubeCLT_1.16.0/GNU-tools-for-STM32/bin/../lib/gcc/arm-none-eabi/12.3.1/../../../../arm-none-eabi/lib/thumb/v7e-m/nofp\libg.a(libc_a-signalr.o)
 .debug_line    0x0000a85f      0x185 D:/STM32CubeCLT/STM32CubeCLT_1.16.0/GNU-tools-for-STM32/bin/../lib/gcc/arm-none-eabi/12.3.1/../../../../arm-none-eabi/lib/thumb/v7e-m/nofp\libg.a(libc_a-errno.o)
 .debug_line    0x0000a9e4      0x188 D:/STM32CubeCLT/STM32CubeCLT_1.16.0/GNU-tools-for-STM32/bin/../lib/gcc/arm-none-eabi/12.3.1/../../../../arm-none-eabi/lib/thumb/v7e-m/nofp\libg.a(libc_a-init.o)
 .debug_line    0x0000ab6c      0x19b D:/STM32CubeCLT/STM32CubeCLT_1.16.0/GNU-tools-for-STM32/bin/../lib/gcc/arm-none-eabi/12.3.1/../../../../arm-none-eabi/lib/thumb/v7e-m/nofp\libg.a(libc_a-lock.o)
 .debug_line    0x0000ad07      0x202 D:/STM32CubeCLT/STM32CubeCLT_1.16.0/GNU-tools-for-STM32/bin/../lib/gcc/arm-none-eabi/12.3.1/../../../../arm-none-eabi/lib/thumb/v7e-m/nofp\libg.a(libc_a-memcpy-stub.o)
 .debug_line    0x0000af09      0x28a D:/STM32CubeCLT/STM32CubeCLT_1.16.0/GNU-tools-for-STM32/bin/../lib/gcc/arm-none-eabi/12.3.1/../../../../arm-none-eabi/lib/thumb/v7e-m/nofp\libg.a(libc_a-__call_atexit.o)
 .debug_line    0x0000b193      0x102 D:/STM32CubeCLT/STM32CubeCLT_1.16.0/GNU-tools-for-STM32/bin/../lib/gcc/arm-none-eabi/12.3.1/../../../../arm-none-eabi/lib/thumb/v7e-m/nofp\libg.a(libc_a-atexit.o)
 .debug_line    0x0000b295      0x140 D:/STM32CubeCLT/STM32CubeCLT_1.16.0/GNU-tools-for-STM32/bin/../lib/gcc/arm-none-eabi/12.3.1/../../../../arm-none-eabi/lib/thumb/v7e-m/nofp\libg.a(libc_a-fini.o)
 .debug_line    0x0000b3d5      0x1a5 D:/STM32CubeCLT/STM32CubeCLT_1.16.0/GNU-tools-for-STM32/bin/../lib/gcc/arm-none-eabi/12.3.1/../../../../arm-none-eabi/lib/thumb/v7e-m/nofp\libg.a(libc_a-__atexit.o)

.debug_str      0x00000000     0x397d
 .debug_str     0x00000000      0x6ae CMakeFiles/DMA_Basic.elf.dir/Core/Src/RxEventCallback.cpp.obj
                                0x7e7 (size before relaxing)
 .debug_str     0x000006ae      0x76e CMakeFiles/DMA_Basic.elf.dir/Core/Src/dma.c.obj
                                0x843 (size before relaxing)
 .debug_str     0x00000e1c       0xb7 CMakeFiles/DMA_Basic.elf.dir/Core/Src/gpio.c.obj
                                0x3a3 (size before relaxing)
 .debug_str     0x00000ed3      0x1e0 CMakeFiles/DMA_Basic.elf.dir/Core/Src/main.c.obj
                                0x987 (size before relaxing)
 .debug_str     0x000010b3       0x43 CMakeFiles/DMA_Basic.elf.dir/Core/Src/stm32f4xx_hal_msp.c.obj
                                0x2e4 (size before relaxing)
 .debug_str     0x000010f6      0x1a6 CMakeFiles/DMA_Basic.elf.dir/Core/Src/stm32f4xx_it.c.obj
                                0x7bd (size before relaxing)
 .debug_str     0x0000129c      0x223 CMakeFiles/DMA_Basic.elf.dir/Core/Src/syscalls.c.obj
                                0x40f (size before relaxing)
 .debug_str     0x000014bf       0x9e CMakeFiles/DMA_Basic.elf.dir/Core/Src/system_stm32f4xx.c.obj
                                0x34a (size before relaxing)
 .debug_str     0x0000155d       0xa8 CMakeFiles/DMA_Basic.elf.dir/Core/Src/usart.c.obj
                                0xe53 (size before relaxing)
 .debug_str     0x00001605       0x5b CMakeFiles/DMA_Basic.elf.dir/Core/Startup/startup_stm32f427iihx.s.obj
                                 0x87 (size before relaxing)
 .debug_str     0x00001660      0x39c CMakeFiles/DMA_Basic.elf.dir/Drivers/STM32F4xx_HAL_Driver/Src/stm32f4xx_hal.c.obj
                                0xc15 (size before relaxing)
 .debug_str     0x000019fc      0x4d6 CMakeFiles/DMA_Basic.elf.dir/Drivers/STM32F4xx_HAL_Driver/Src/stm32f4xx_hal_cortex.c.obj
                                0xcd8 (size before relaxing)
 .debug_str     0x00001ed2      0x2fb CMakeFiles/DMA_Basic.elf.dir/Drivers/STM32F4xx_HAL_Driver/Src/stm32f4xx_hal_dma.c.obj
                                0x78c (size before relaxing)
 .debug_str     0x000021cd      0x11e CMakeFiles/DMA_Basic.elf.dir/Drivers/STM32F4xx_HAL_Driver/Src/stm32f4xx_hal_gpio.c.obj
                                0x509 (size before relaxing)
 .debug_str     0x000022eb      0x1bb CMakeFiles/DMA_Basic.elf.dir/Drivers/STM32F4xx_HAL_Driver/Src/stm32f4xx_hal_rcc.c.obj
                                0x72f (size before relaxing)
 .debug_str     0x000024a6      0x5d1 CMakeFiles/DMA_Basic.elf.dir/Drivers/STM32F4xx_HAL_Driver/Src/stm32f4xx_hal_uart.c.obj
                                0xdb1 (size before relaxing)
 .debug_str     0x00002a77      0x16e D:/STM32CubeCLT/STM32CubeCLT_1.16.0/GNU-tools-for-STM32/bin/../lib/gcc/arm-none-eabi/12.3.1/../../../../arm-none-eabi/lib/thumb/v7e-m/nofp\libg.a(libc_a-abort.o)
                                0x209 (size before relaxing)
 .debug_str     0x00002be5      0x55a D:/STM32CubeCLT/STM32CubeCLT_1.16.0/GNU-tools-for-STM32/bin/../lib/gcc/arm-none-eabi/12.3.1/../../../../arm-none-eabi/lib/thumb/v7e-m/nofp\libg.a(libc_a-findfp.o)
                                0x79e (size before relaxing)
 .debug_str     0x0000313f       0x5a D:/STM32CubeCLT/STM32CubeCLT_1.16.0/GNU-tools-for-STM32/bin/../lib/gcc/arm-none-eabi/12.3.1/../../../../arm-none-eabi/lib/thumb/v7e-m/nofp\libg.a(libc_a-memset.o)
                                0x206 (size before relaxing)
 .debug_str     0x00003199       0xcc D:/STM32CubeCLT/STM32CubeCLT_1.16.0/GNU-tools-for-STM32/bin/../lib/gcc/arm-none-eabi/12.3.1/../../../../arm-none-eabi/lib/thumb/v7e-m/nofp\libg.a(libc_a-signal.o)
                                0x59d (size before relaxing)
 .debug_str     0x00003265       0x7f D:/STM32CubeCLT/STM32CubeCLT_1.16.0/GNU-tools-for-STM32/bin/../lib/gcc/arm-none-eabi/12.3.1/../../../../arm-none-eabi/lib/thumb/v7e-m/nofp\libg.a(libc_a-reent.o)
                                0x535 (size before relaxing)
 .debug_str     0x000032e4       0x59 D:/STM32CubeCLT/STM32CubeCLT_1.16.0/GNU-tools-for-STM32/bin/../lib/gcc/arm-none-eabi/12.3.1/../../../../arm-none-eabi/lib/thumb/v7e-m/nofp\libg.a(libc_a-impure.o)
                                0x51b (size before relaxing)
 .debug_str     0x0000333d       0x62 D:/STM32CubeCLT/STM32CubeCLT_1.16.0/GNU-tools-for-STM32/bin/../lib/gcc/arm-none-eabi/12.3.1/../../../../arm-none-eabi/lib/thumb/v7e-m/nofp\libg.a(libc_a-signalr.o)
                                0x532 (size before relaxing)
 .debug_str     0x0000339f       0x58 D:/STM32CubeCLT/STM32CubeCLT_1.16.0/GNU-tools-for-STM32/bin/../lib/gcc/arm-none-eabi/12.3.1/../../../../arm-none-eabi/lib/thumb/v7e-m/nofp\libg.a(libc_a-errno.o)
                                0x510 (size before relaxing)
 .debug_str     0x000033f7       0xb6 D:/STM32CubeCLT/STM32CubeCLT_1.16.0/GNU-tools-for-STM32/bin/../lib/gcc/arm-none-eabi/12.3.1/../../../../arm-none-eabi/lib/thumb/v7e-m/nofp\libg.a(libc_a-init.o)
                                0x267 (size before relaxing)
 .debug_str     0x000034ad      0x1d7 D:/STM32CubeCLT/STM32CubeCLT_1.16.0/GNU-tools-for-STM32/bin/../lib/gcc/arm-none-eabi/12.3.1/../../../../arm-none-eabi/lib/thumb/v7e-m/nofp\libg.a(libc_a-lock.o)
                                0x379 (size before relaxing)
 .debug_str     0x00003684       0x7f D:/STM32CubeCLT/STM32CubeCLT_1.16.0/GNU-tools-for-STM32/bin/../lib/gcc/arm-none-eabi/12.3.1/../../../../arm-none-eabi/lib/thumb/v7e-m/nofp\libg.a(libc_a-memcpy-stub.o)
                                0x224 (size before relaxing)
 .debug_str     0x00003703       0xf7 D:/STM32CubeCLT/STM32CubeCLT_1.16.0/GNU-tools-for-STM32/bin/../lib/gcc/arm-none-eabi/12.3.1/../../../../arm-none-eabi/lib/thumb/v7e-m/nofp\libg.a(libc_a-__call_atexit.o)
                                0x343 (size before relaxing)
 .debug_str     0x000037fa       0x9e D:/STM32CubeCLT/STM32CubeCLT_1.16.0/GNU-tools-for-STM32/bin/../lib/gcc/arm-none-eabi/12.3.1/../../../../arm-none-eabi/lib/thumb/v7e-m/nofp\libg.a(libc_a-atexit.o)
                                0x243 (size before relaxing)
 .debug_str     0x00003898       0x7a D:/STM32CubeCLT/STM32CubeCLT_1.16.0/GNU-tools-for-STM32/bin/../lib/gcc/arm-none-eabi/12.3.1/../../../../arm-none-eabi/lib/thumb/v7e-m/nofp\libg.a(libc_a-fini.o)
                                0x23d (size before relaxing)
 .debug_str     0x00003912       0x6b D:/STM32CubeCLT/STM32CubeCLT_1.16.0/GNU-tools-for-STM32/bin/../lib/gcc/arm-none-eabi/12.3.1/../../../../arm-none-eabi/lib/thumb/v7e-m/nofp\libg.a(libc_a-__atexit.o)
                                0x31a (size before relaxing)

.comment        0x00000000       0x43
 .comment       0x00000000       0x43 CMakeFiles/DMA_Basic.elf.dir/Core/Src/RxEventCallback.cpp.obj
                                 0x44 (size before relaxing)
 .comment       0x00000043       0x44 CMakeFiles/DMA_Basic.elf.dir/Core/Src/dma.c.obj
 .comment       0x00000043       0x44 CMakeFiles/DMA_Basic.elf.dir/Core/Src/gpio.c.obj
 .comment       0x00000043       0x44 CMakeFiles/DMA_Basic.elf.dir/Core/Src/main.c.obj
 .comment       0x00000043       0x44 CMakeFiles/DMA_Basic.elf.dir/Core/Src/stm32f4xx_hal_msp.c.obj
 .comment       0x00000043       0x44 CMakeFiles/DMA_Basic.elf.dir/Core/Src/stm32f4xx_it.c.obj
 .comment       0x00000043       0x44 CMakeFiles/DMA_Basic.elf.dir/Core/Src/syscalls.c.obj
 .comment       0x00000043       0x44 CMakeFiles/DMA_Basic.elf.dir/Core/Src/system_stm32f4xx.c.obj
 .comment       0x00000043       0x44 CMakeFiles/DMA_Basic.elf.dir/Core/Src/usart.c.obj
 .comment       0x00000043       0x44 CMakeFiles/DMA_Basic.elf.dir/Drivers/STM32F4xx_HAL_Driver/Src/stm32f4xx_hal.c.obj
 .comment       0x00000043       0x44 CMakeFiles/DMA_Basic.elf.dir/Drivers/STM32F4xx_HAL_Driver/Src/stm32f4xx_hal_cortex.c.obj
 .comment       0x00000043       0x44 CMakeFiles/DMA_Basic.elf.dir/Drivers/STM32F4xx_HAL_Driver/Src/stm32f4xx_hal_dma.c.obj
 .comment       0x00000043       0x44 CMakeFiles/DMA_Basic.elf.dir/Drivers/STM32F4xx_HAL_Driver/Src/stm32f4xx_hal_gpio.c.obj
 .comment       0x00000043       0x44 CMakeFiles/DMA_Basic.elf.dir/Drivers/STM32F4xx_HAL_Driver/Src/stm32f4xx_hal_rcc.c.obj
 .comment       0x00000043       0x44 CMakeFiles/DMA_Basic.elf.dir/Drivers/STM32F4xx_HAL_Driver/Src/stm32f4xx_hal_uart.c.obj
 .comment       0x00000043       0x44 D:/STM32CubeCLT/STM32CubeCLT_1.16.0/GNU-tools-for-STM32/bin/../lib/gcc/arm-none-eabi/12.3.1/../../../../arm-none-eabi/lib/thumb/v7e-m/nofp\libg.a(libc_a-abort.o)
 .comment       0x00000043       0x44 D:/STM32CubeCLT/STM32CubeCLT_1.16.0/GNU-tools-for-STM32/bin/../lib/gcc/arm-none-eabi/12.3.1/../../../../arm-none-eabi/lib/thumb/v7e-m/nofp\libg.a(libc_a-findfp.o)
 .comment       0x00000043       0x44 D:/STM32CubeCLT/STM32CubeCLT_1.16.0/GNU-tools-for-STM32/bin/../lib/gcc/arm-none-eabi/12.3.1/../../../../arm-none-eabi/lib/thumb/v7e-m/nofp\libg.a(libc_a-memset.o)
 .comment       0x00000043       0x44 D:/STM32CubeCLT/STM32CubeCLT_1.16.0/GNU-tools-for-STM32/bin/../lib/gcc/arm-none-eabi/12.3.1/../../../../arm-none-eabi/lib/thumb/v7e-m/nofp\libg.a(libc_a-signal.o)
 .comment       0x00000043       0x44 D:/STM32CubeCLT/STM32CubeCLT_1.16.0/GNU-tools-for-STM32/bin/../lib/gcc/arm-none-eabi/12.3.1/../../../../arm-none-eabi/lib/thumb/v7e-m/nofp\libg.a(libc_a-reent.o)
 .comment       0x00000043       0x44 D:/STM32CubeCLT/STM32CubeCLT_1.16.0/GNU-tools-for-STM32/bin/../lib/gcc/arm-none-eabi/12.3.1/../../../../arm-none-eabi/lib/thumb/v7e-m/nofp\libg.a(libc_a-impure.o)
 .comment       0x00000043       0x44 D:/STM32CubeCLT/STM32CubeCLT_1.16.0/GNU-tools-for-STM32/bin/../lib/gcc/arm-none-eabi/12.3.1/../../../../arm-none-eabi/lib/thumb/v7e-m/nofp\libg.a(libc_a-signalr.o)
 .comment       0x00000043       0x44 D:/STM32CubeCLT/STM32CubeCLT_1.16.0/GNU-tools-for-STM32/bin/../lib/gcc/arm-none-eabi/12.3.1/../../../../arm-none-eabi/lib/thumb/v7e-m/nofp\libg.a(libc_a-errno.o)
 .comment       0x00000043       0x44 D:/STM32CubeCLT/STM32CubeCLT_1.16.0/GNU-tools-for-STM32/bin/../lib/gcc/arm-none-eabi/12.3.1/../../../../arm-none-eabi/lib/thumb/v7e-m/nofp\libg.a(libc_a-init.o)
 .comment       0x00000043       0x44 D:/STM32CubeCLT/STM32CubeCLT_1.16.0/GNU-tools-for-STM32/bin/../lib/gcc/arm-none-eabi/12.3.1/../../../../arm-none-eabi/lib/thumb/v7e-m/nofp\libg.a(libc_a-lock.o)
 .comment       0x00000043       0x44 D:/STM32CubeCLT/STM32CubeCLT_1.16.0/GNU-tools-for-STM32/bin/../lib/gcc/arm-none-eabi/12.3.1/../../../../arm-none-eabi/lib/thumb/v7e-m/nofp\libg.a(libc_a-memcpy-stub.o)
 .comment       0x00000043       0x44 D:/STM32CubeCLT/STM32CubeCLT_1.16.0/GNU-tools-for-STM32/bin/../lib/gcc/arm-none-eabi/12.3.1/../../../../arm-none-eabi/lib/thumb/v7e-m/nofp\libg.a(libc_a-__call_atexit.o)
 .comment       0x00000043       0x44 D:/STM32CubeCLT/STM32CubeCLT_1.16.0/GNU-tools-for-STM32/bin/../lib/gcc/arm-none-eabi/12.3.1/../../../../arm-none-eabi/lib/thumb/v7e-m/nofp\libg.a(libc_a-atexit.o)
 .comment       0x00000043       0x44 D:/STM32CubeCLT/STM32CubeCLT_1.16.0/GNU-tools-for-STM32/bin/../lib/gcc/arm-none-eabi/12.3.1/../../../../arm-none-eabi/lib/thumb/v7e-m/nofp\libg.a(libc_a-fini.o)
 .comment       0x00000043       0x44 D:/STM32CubeCLT/STM32CubeCLT_1.16.0/GNU-tools-for-STM32/bin/../lib/gcc/arm-none-eabi/12.3.1/../../../../arm-none-eabi/lib/thumb/v7e-m/nofp\libg.a(libc_a-__atexit.o)

.debug_frame    0x00000000     0x1b48
 .debug_frame   0x00000000       0x2c CMakeFiles/DMA_Basic.elf.dir/Core/Src/RxEventCallback.cpp.obj
 .debug_frame   0x0000002c       0x30 CMakeFiles/DMA_Basic.elf.dir/Core/Src/dma.c.obj
 .debug_frame   0x0000005c       0x34 CMakeFiles/DMA_Basic.elf.dir/Core/Src/gpio.c.obj
 .debug_frame   0x00000090       0x58 CMakeFiles/DMA_Basic.elf.dir/Core/Src/main.c.obj
 .debug_frame   0x000000e8       0x28 CMakeFiles/DMA_Basic.elf.dir/Core/Src/stm32f4xx_hal_msp.c.obj
 .debug_frame   0x00000110      0x138 CMakeFiles/DMA_Basic.elf.dir/Core/Src/stm32f4xx_it.c.obj
 .debug_frame   0x00000248      0x190 CMakeFiles/DMA_Basic.elf.dir/Core/Src/syscalls.c.obj
 .debug_frame   0x000003d8       0x30 CMakeFiles/DMA_Basic.elf.dir/Core/Src/system_stm32f4xx.c.obj
 .debug_frame   0x00000408       0x80 CMakeFiles/DMA_Basic.elf.dir/Core/Src/usart.c.obj
 .debug_frame   0x00000488      0x20c CMakeFiles/DMA_Basic.elf.dir/Drivers/STM32F4xx_HAL_Driver/Src/stm32f4xx_hal.c.obj
 .debug_frame   0x00000694      0x214 CMakeFiles/DMA_Basic.elf.dir/Drivers/STM32F4xx_HAL_Driver/Src/stm32f4xx_hal_cortex.c.obj
 .debug_frame   0x000008a8      0x188 CMakeFiles/DMA_Basic.elf.dir/Drivers/STM32F4xx_HAL_Driver/Src/stm32f4xx_hal_dma.c.obj
 .debug_frame   0x00000a30       0xd4 CMakeFiles/DMA_Basic.elf.dir/Drivers/STM32F4xx_HAL_Driver/Src/stm32f4xx_hal_gpio.c.obj
 .debug_frame   0x00000b04      0x16c CMakeFiles/DMA_Basic.elf.dir/Drivers/STM32F4xx_HAL_Driver/Src/stm32f4xx_hal_rcc.c.obj
 .debug_frame   0x00000c70      0x5dc CMakeFiles/DMA_Basic.elf.dir/Drivers/STM32F4xx_HAL_Driver/Src/stm32f4xx_hal_uart.c.obj
 .debug_frame   0x0000124c       0x2c D:/STM32CubeCLT/STM32CubeCLT_1.16.0/GNU-tools-for-STM32/bin/../lib/gcc/arm-none-eabi/12.3.1/thumb/v7e-m/nofp\libgcc.a(_aeabi_uldivmod.o)
 .debug_frame   0x00001278       0x34 D:/STM32CubeCLT/STM32CubeCLT_1.16.0/GNU-tools-for-STM32/bin/../lib/gcc/arm-none-eabi/12.3.1/thumb/v7e-m/nofp\libgcc.a(_udivmoddi4.o)
 .debug_frame   0x000012ac      0x2c4 D:/STM32CubeCLT/STM32CubeCLT_1.16.0/GNU-tools-for-STM32/bin/../lib/gcc/arm-none-eabi/12.3.1/thumb/v7e-m/nofp\libgcc.a(unwind-arm.o)
 .debug_frame   0x00001570      0x104 D:/STM32CubeCLT/STM32CubeCLT_1.16.0/GNU-tools-for-STM32/bin/../lib/gcc/arm-none-eabi/12.3.1/thumb/v7e-m/nofp\libgcc.a(pr-support.o)
 .debug_frame   0x00001674       0x28 D:/STM32CubeCLT/STM32CubeCLT_1.16.0/GNU-tools-for-STM32/bin/../lib/gcc/arm-none-eabi/12.3.1/../../../../arm-none-eabi/lib/thumb/v7e-m/nofp\libg.a(libc_a-abort.o)
 .debug_frame   0x0000169c      0x144 D:/STM32CubeCLT/STM32CubeCLT_1.16.0/GNU-tools-for-STM32/bin/../lib/gcc/arm-none-eabi/12.3.1/../../../../arm-none-eabi/lib/thumb/v7e-m/nofp\libg.a(libc_a-findfp.o)